Component: Arm Compiler for Embedded 6.24 Tool: armlink [5f371500]

==============================================================================

Section Cross References

    startup_stm32f401xe.o(STACK) refers (Special) to heapauxi.o(.text) for __use_two_region_memory
    startup_stm32f401xe.o(HEAP) refers (Special) to heapauxi.o(.text) for __use_two_region_memory
    startup_stm32f401xe.o(RESET) refers (Special) to heapauxi.o(.text) for __use_two_region_memory
    startup_stm32f401xe.o(RESET) refers to startup_stm32f401xe.o(STACK) for __initial_sp
    startup_stm32f401xe.o(RESET) refers to startup_stm32f401xe.o(.text) for Reset_Handler
    startup_stm32f401xe.o(RESET) refers to stm32f4xx_it.o(.text.NMI_Handler) for NMI_Handler
    startup_stm32f401xe.o(RESET) refers to stm32f4xx_it.o(.text.HardFault_Handler) for HardFault_Handler
    startup_stm32f401xe.o(RESET) refers to stm32f4xx_it.o(.text.MemManage_Handler) for MemManage_Handler
    startup_stm32f401xe.o(RESET) refers to stm32f4xx_it.o(.text.BusFault_Handler) for BusFault_Handler
    startup_stm32f401xe.o(RESET) refers to stm32f4xx_it.o(.text.UsageFault_Handler) for UsageFault_Handler
    startup_stm32f401xe.o(RESET) refers to stm32f4xx_it.o(.text.SVC_Handler) for SVC_Handler
    startup_stm32f401xe.o(RESET) refers to stm32f4xx_it.o(.text.DebugMon_Handler) for DebugMon_Handler
    startup_stm32f401xe.o(RESET) refers to stm32f4xx_it.o(.text.PendSV_Handler) for PendSV_Handler
    startup_stm32f401xe.o(RESET) refers to stm32f4xx_it.o(.text.SysTick_Handler) for SysTick_Handler
    startup_stm32f401xe.o(RESET) refers to stm32f4xx_it.o(.text.TIM1_TRG_COM_TIM11_IRQHandler) for TIM1_TRG_COM_TIM11_IRQHandler
    startup_stm32f401xe.o(.text) refers (Special) to heapauxi.o(.text) for __use_two_region_memory
    startup_stm32f401xe.o(.text) refers to system_stm32f4xx.o(.text.SystemInit) for SystemInit
    startup_stm32f401xe.o(.text) refers to __main.o(!!!main) for __main
    startup_stm32f401xe.o(.text) refers to startup_stm32f401xe.o(HEAP) for Heap_Mem
    startup_stm32f401xe.o(.text) refers to startup_stm32f401xe.o(STACK) for Stack_Mem
    liquidcrystal_i2c.o(.text.HD44780_Init) refers to liquidcrystal_i2c.o(.bss.dpRows) for dpRows
    liquidcrystal_i2c.o(.text.HD44780_Init) refers to liquidcrystal_i2c.o(.bss.dpBacklight) for dpBacklight
    liquidcrystal_i2c.o(.text.HD44780_Init) refers to liquidcrystal_i2c.o(.bss.dpFunction) for dpFunction
    liquidcrystal_i2c.o(.text.HD44780_Init) refers to liquidcrystal_i2c.o(.text.DelayInit) for DelayInit
    liquidcrystal_i2c.o(.text.HD44780_Init) refers to stm32f4xx_hal.o(.text.HAL_Delay) for HAL_Delay
    liquidcrystal_i2c.o(.text.HD44780_Init) refers to liquidcrystal_i2c.o(.text.ExpanderWrite) for ExpanderWrite
    liquidcrystal_i2c.o(.text.HD44780_Init) refers to liquidcrystal_i2c.o(.text.Write4Bits) for Write4Bits
    liquidcrystal_i2c.o(.text.HD44780_Init) refers to liquidcrystal_i2c.o(.text.DelayUS) for DelayUS
    liquidcrystal_i2c.o(.text.HD44780_Init) refers to liquidcrystal_i2c.o(.text.SendCommand) for SendCommand
    liquidcrystal_i2c.o(.text.HD44780_Init) refers to liquidcrystal_i2c.o(.bss.dpControl) for dpControl
    liquidcrystal_i2c.o(.text.HD44780_Init) refers to liquidcrystal_i2c.o(.text.HD44780_Display) for HD44780_Display
    liquidcrystal_i2c.o(.text.HD44780_Init) refers to liquidcrystal_i2c.o(.text.HD44780_Clear) for HD44780_Clear
    liquidcrystal_i2c.o(.text.HD44780_Init) refers to liquidcrystal_i2c.o(.bss.dpMode) for dpMode
    liquidcrystal_i2c.o(.text.HD44780_Init) refers to liquidcrystal_i2c.o(.data.special1) for special1
    liquidcrystal_i2c.o(.text.HD44780_Init) refers to liquidcrystal_i2c.o(.text.HD44780_CreateSpecialChar) for HD44780_CreateSpecialChar
    liquidcrystal_i2c.o(.text.HD44780_Init) refers to liquidcrystal_i2c.o(.data.special2) for special2
    liquidcrystal_i2c.o(.text.HD44780_Init) refers to liquidcrystal_i2c.o(.text.HD44780_Home) for HD44780_Home
    liquidcrystal_i2c.o(.ARM.exidx.text.HD44780_Init) refers to liquidcrystal_i2c.o(.text.HD44780_Init) for [Anonymous Symbol]
    liquidcrystal_i2c.o(.ARM.exidx.text.DelayInit) refers to liquidcrystal_i2c.o(.text.DelayInit) for [Anonymous Symbol]
    liquidcrystal_i2c.o(.text.ExpanderWrite) refers to liquidcrystal_i2c.o(.bss.dpBacklight) for dpBacklight
    liquidcrystal_i2c.o(.text.ExpanderWrite) refers to main.o(.bss.hi2c3) for hi2c3
    liquidcrystal_i2c.o(.text.ExpanderWrite) refers to stm32f4xx_hal_i2c.o(.text.HAL_I2C_Master_Transmit) for HAL_I2C_Master_Transmit
    liquidcrystal_i2c.o(.ARM.exidx.text.ExpanderWrite) refers to liquidcrystal_i2c.o(.text.ExpanderWrite) for [Anonymous Symbol]
    liquidcrystal_i2c.o(.text.Write4Bits) refers to liquidcrystal_i2c.o(.text.ExpanderWrite) for ExpanderWrite
    liquidcrystal_i2c.o(.text.Write4Bits) refers to liquidcrystal_i2c.o(.text.PulseEnable) for PulseEnable
[...]
    x$fpl$dcmpinf                            0x080060ee   Section       24  dcmpi.o(x$fpl$dcmpinf)
    $v0                                      0x08006108   Number         0  deqf.o(x$fpl$deqf)
    x$fpl$deqf                               0x08006108   Section      120  deqf.o(x$fpl$deqf)
    $v0                                      0x08006180   Number         0  dflt_clz.o(x$fpl$dflt)
    x$fpl$dflt                               0x08006180   Section       46  dflt_clz.o(x$fpl$dflt)
    $v0                                      0x080061b0   Number         0  dgeqf.o(x$fpl$dgeqf)
    x$fpl$dgeqf                              0x080061b0   Section      120  dgeqf.o(x$fpl$dgeqf)
    $v0                                      0x08006228   Number         0  dleqf.o(x$fpl$dleqf)
    x$fpl$dleqf                              0x08006228   Section      120  dleqf.o(x$fpl$dleqf)
    $v0                                      0x080062a0   Number         0  dmul.o(x$fpl$dmul)
    x$fpl$dmul                               0x080062a0   Section      340  dmul.o(x$fpl$dmul)
    $v0                                      0x080063f4   Number         0  dnaninf.o(x$fpl$dnaninf)
    x$fpl$dnaninf                            0x080063f4   Section      156  dnaninf.o(x$fpl$dnaninf)
    $v0                                      0x08006490   Number         0  dretinf.o(x$fpl$dretinf)
    x$fpl$dretinf                            0x08006490   Section       12  dretinf.o(x$fpl$dretinf)
    $v0                                      0x0800649c   Number         0  f2d.o(x$fpl$f2d)
    x$fpl$f2d                                0x0800649c   Section       86  f2d.o(x$fpl$f2d)
    $v0                                      0x080064f2   Number         0  dcmp.o(x$fpl$fcmp)
    x$fpl$fcmp                               0x080064f2   Section       84  dcmp.o(x$fpl$fcmp)
    $v0                                      0x08006546   Number         0  fnaninf.o(x$fpl$fnaninf)
    x$fpl$fnaninf                            0x08006546   Section      140  fnaninf.o(x$fpl$fnaninf)
    $v0                                      0x080065d2   Number         0  fpinit.o(x$fpl$fpinit)
    x$fpl$fpinit                             0x080065d2   Section       26  fpinit.o(x$fpl$fpinit)
    $v0                                      0x080065ec   Number         0  fretinf.o(x$fpl$fretinf)
    x$fpl$fretinf                            0x080065ec   Section       10  fretinf.o(x$fpl$fretinf)
    $v0                                      0x080065f6   Number         0  printf1.o(x$fpl$printf1)
    x$fpl$printf1                            0x080065f6   Section        4  printf1.o(x$fpl$printf1)
    $v0                                      0x080065fa   Number         0  printf2.o(x$fpl$printf2)
    x$fpl$printf2                            0x080065fa   Section        4  printf2.o(x$fpl$printf2)
    x$fpl$usenofp                            0x080065fe   Section        0  usenofp.o(x$fpl$usenofp)
    initial_mbstate                          0x08006600   Data           8  _printf_wctomb.o(.constdata)
    .constdata                               0x08006600   Section        8  _printf_wctomb.o(.constdata)
    uc_hextab                                0x08006608   Data          20  _printf_hex_int_ll_ptr.o(.constdata)
    .constdata                               0x08006608   Section       40  _printf_hex_int_ll_ptr.o(.constdata)
    lc_hextab                                0x0800661c   Data          20  _printf_hex_int_ll_ptr.o(.constdata)
    maptable                                 0x08006630   Data          17  __printf_flags_ss_wp.o(.constdata)
    .constdata                               0x08006630   Section       17  __printf_flags_ss_wp.o(.constdata)
    lc_hextab                                0x08006641   Data          19  _printf_fp_hex.o(.constdata)
    .constdata                               0x08006641   Section       38  _printf_fp_hex.o(.constdata)
    uc_hextab                                0x08006654   Data          19  _printf_fp_hex.o(.constdata)
    tenpwrs_x                                0x08006668   Data          60  bigflt0.o(.constdata)
    .constdata                               0x08006668   Section      148  bigflt0.o(.constdata)
    tenpwrs_i                                0x080066a4   Data          64  bigflt0.o(.constdata)
    .L.str                                   0x08006714   Data          46  main.o(.rodata.str1.1)
    [Anonymous Symbol]                       0x08006714   Section        0  main.o(.rodata.str1.1)
    .L.str.2                                 0x08006742   Data          14  main.o(.rodata.str1.1)
    .L.str.1                                 0x08006750   Data           5  main.o(.rodata.str1.1)
    locale$$data                             0x08006778   Section       28  lc_numeric_c.o(locale$$data)
    __lcnum_c_name                           0x0800677c   Data           2  lc_numeric_c.o(locale$$data)
    __lcnum_c_start                          0x08006784   Data           0  lc_numeric_c.o(locale$$data)
    __lcnum_c_point                          0x08006790   Data           0  lc_numeric_c.o(locale$$data)
    __lcnum_c_thousands                      0x08006792   Data           0  lc_numeric_c.o(locale$$data)
    __lcnum_c_grouping                       0x08006793   Data           0  lc_numeric_c.o(locale$$data)
    __lcnum_c_end                            0x08006794   Data           0  lc_numeric_c.o(locale$$data)
    locale$$data                             0x08006794   Section      272  lc_ctype_c.o(locale$$data)
    __lcctype_c_name                         0x08006798   Data           2  lc_ctype_c.o(locale$$data)
    __lcctype_c_start                        0x080067a0   Data           0  lc_ctype_c.o(locale$$data)
    __lcctype_c_end                          0x080068a4   Data           0  lc_ctype_c.o(locale$$data)
    .bss                                     0x20000038   Section       96  libspace.o(.bss)
    Heap_Mem                                 0x20000258   Data         512  startup_stm32f401xe.o(HEAP)
    HEAP                                     0x20000258   Section      512  startup_stm32f401xe.o(HEAP)
    Stack_Mem                                0x20000458   Data        1024  startup_stm32f401xe.o(STACK)
    STACK                                    0x20000458   Section     1024  startup_stm32f401xe.o(STACK)
    __initial_sp                             0x20000858   Data           0  startup_stm32f401xe.o(STACK)

    Global Symbols

    Symbol Name                              Value     Ov Type        Size  Object(Section)

    BuildAttributes$$THM_ISAv4$E$P$D$K$B$S$7EM$VFPi3$EXTD16$VFPS$VFMA$PE$A:L22UL41UL21$X:L11$S22US41US21$IEEE1$IW$~IW$USESV6$~STKCKD$USESV7$~SHL$OTIME$ROPI$IEEEJ$EBA8$UX$STANDARDLIB$REQ8$PRES8$EABIv2 0x00000000   Number         0  anon$$obj.o ABSOLUTE
    _printf_flags                            0x00000000   Number         0  printf_stubs.o ABSOLUTE
    _printf_return_value                     0x00000000   Number         0  printf_stubs.o ABSOLUTE
    _printf_sizespec                         0x00000000   Number         0  printf_stubs.o ABSOLUTE
    _printf_widthprec                        0x00000000   Number         0  printf_stubs.o ABSOLUTE
    __ARM_exceptions_init                     - Undefined Weak Reference
    __alloca_initialize                       - Undefined Weak Reference
    __arm_preinit_                            - Undefined Weak Reference
    __arm_relocate_pie_                       - Undefined Weak Reference
    __cpp_initialize__aeabi_                  - Undefined Weak Reference
    __cxa_finalize                            - Undefined Weak Reference
    __sigvec_lookup                           - Undefined Weak Reference
    _atexit_init                              - Undefined Weak Reference
    _call_atexit_fns                          - Undefined Weak Reference
    _clock_init                               - Undefined Weak Reference
    _fp_trap_init                             - Undefined Weak Reference
    _fp_trap_shutdown                         - Undefined Weak Reference
    _get_lc_collate                           - Undefined Weak Reference
    _get_lc_monetary                          - Undefined Weak Reference
    _get_lc_time                              - Undefined Weak Reference
    _getenv_init                              - Undefined Weak Reference
    _handle_redirection                       - Undefined Weak Reference
    _init_alloc                               - Undefined Weak Reference
    _init_user_alloc                          - Undefined Weak Reference
    _initio                                   - Undefined Weak Reference
    _printf_mbtowc                            - Undefined Weak Reference
    _printf_wc                                - Undefined Weak Reference
    _rand_init                                - Undefined Weak Reference
    _signal_finish                            - Undefined Weak Reference
    _signal_init                              - Undefined Weak Reference
    _terminate_alloc                          - Undefined Weak Reference
    _terminate_user_alloc                     - Undefined Weak Reference
    _terminateio                              - Undefined Weak Reference
    __Vectors_Size                           0x00000194   Number         0  startup_stm32f401xe.o ABSOLUTE
    __Vectors                                0x08000000   Data           4  startup_stm32f401xe.o(RESET)
    __Vectors_End                            0x08000194   Data           0  startup_stm32f401xe.o(RESET)
    __main                                   0x08000195   Thumb Code     8  __main.o(!!!main)
    __scatterload                            0x0800019d   Thumb Code     0  __scatter.o(!!!scatter)
    __scatterload_rt2                        0x0800019d   Thumb Code    84  __scatter.o(!!!scatter)
    __scatterload_rt2_thumb_only             0x0800019d   Thumb Code     0  __scatter.o(!!!scatter)
    __scatterload_loop                       0x080001a7   Thumb Code     0  __scatter.o(!!!scatter)
    __scatterload_copy                       0x080001f9   Thumb Code    26  __scatter_copy.o(!!handler_copy)
    __scatterload_null                       0x08000215   Thumb Code     2  __scatter.o(!!handler_null)
    __scatterload_zeroinit                   0x08000219   Thumb Code    28  __scatter_zi.o(!!handler_zi)
    _printf_n                                0x08000235   Thumb Code     0  _printf_n.o(.ARM.Collect$$_printf_percent$$00000001)
    _printf_percent                          0x08000235   Thumb Code     0  _printf_percent.o(.ARM.Collect$$_printf_percent$$00000000)
    _printf_p                                0x0800023b   Thumb Code     0  _printf_p.o(.ARM.Collect$$_printf_percent$$00000002)
    _printf_f                                0x08000241   Thumb Code     0  _printf_f.o(.ARM.Collect$$_printf_percent$$00000003)
    _printf_e                                0x08000247   Thumb Code     0  _printf_e.o(.ARM.Collect$$_printf_percent$$00000004)
    _printf_g                                0x0800024d   Thumb Code     0  _printf_g.o(.ARM.Collect$$_printf_percent$$00000005)
    _printf_a                                0x08000253   Thumb Code     0  _printf_a.o(.ARM.Collect$$_printf_percent$$00000006)
    _printf_ll                               0x08000259   Thumb Code     0  _printf_ll.o(.ARM.Collect$$_printf_percent$$00000007)
    _printf_i                                0x08000263   Thumb Code     0  _printf_i.o(.ARM.Collect$$_printf_percent$$00000008)
    _printf_d                                0x08000269   Thumb Code     0  _printf_d.o(.ARM.Collect$$_printf_percent$$00000009)
    _printf_u                                0x0800026f   Thumb Code     0  _printf_u.o(.ARM.Collect$$_printf_percent$$0000000A)
    _printf_o                                0x08000275   Thumb Code     0  _printf_o.o(.ARM.Collect$$_printf_percent$$0000000B)
    _printf_x                                0x0800027b   Thumb Code     0  _printf_x.o(.ARM.Collect$$_printf_percent$$0000000C)
    _printf_lli                              0x08000281   Thumb Code     0  _printf_lli.o(.ARM.Collect$$_printf_percent$$0000000D)
    _printf_lld                              0x08000287   Thumb Code     0  _printf_lld.o(.ARM.Collect$$_printf_percent$$0000000E)
    _printf_llu                              0x0800028d   Thumb Code     0  _printf_llu.o(.ARM.Collect$$_printf_percent$$0000000F)
    _printf_llo                              0x08000293   Thumb Code     0  _printf_llo.o(.ARM.Collect$$_printf_percent$$00000010)
    _printf_llx                              0x08000299   Thumb Code     0  _printf_llx.o(.ARM.Collect$$_printf_percent$$00000011)
    _printf_l                                0x0800029f   Thumb Code     0  _printf_l.o(.ARM.Collect$$_printf_percent$$00000012)
    _printf_c                                0x080002a9   Thumb Code     0  _printf_c.o(.ARM.Collect$$_printf_percent$$00000013)
    _printf_s                                0x080002af   Thumb Code     0  _printf_s.o(.ARM.Collect$$_printf_percent$$00000014)
    _printf_lc                               0x080002b5   Thumb Code     0  _printf_lc.o(.ARM.Collect$$_printf_percent$$00000015)
    _printf_ls                               0x080002bb   Thumb Code     0  _printf_ls.o(.ARM.Collect$$_printf_percent$$00000016)
    _printf_percent_end                      0x080002c1   Thumb Code     0  _printf_percent_end.o(.ARM.Collect$$_printf_percent$$00000017)
    __rt_lib_init                            0x080002c5   Thumb Code     0  libinit.o(.ARM.Collect$$libinit$$00000000)
    __rt_lib_init_fp_1                       0x080002c7   Thumb Code     0  libinit2.o(.ARM.Collect$$libinit$$00000001)
    __rt_lib_init_heap_1                     0x080002cb   Thumb Code     0  libinit2.o(.ARM.Collect$$libinit$$0000000C)
    __rt_lib_init_lc_common                  0x080002cb   Thumb Code     0  libinit2.o(.ARM.Collect$$libinit$$00000011)
    __rt_lib_init_preinit_1                  0x080002cb   Thumb Code     0  libinit2.o(.ARM.Collect$$libinit$$00000006)
    __rt_lib_init_rand_1                     0x080002cb   Thumb Code     0  libinit2.o(.ARM.Collect$$libinit$$00000010)
    __rt_lib_init_relocate_pie_1             0x080002cb   Thumb Code     0  libinit2.o(.ARM.Collect$$libinit$$00000004)
    __rt_lib_init_user_alloc_1               0x080002cb   Thumb Code     0  libinit2.o(.ARM.Collect$$libinit$$0000000E)
    __rt_lib_init_lc_collate_1               0x080002d1   Thumb Code     0  libinit2.o(.ARM.Collect$$libinit$$00000013)
    __rt_lib_init_lc_ctype_2                 0x080002d1   Thumb Code     0  libinit2.o(.ARM.Collect$$libinit$$00000014)
    __rt_lib_init_lc_ctype_1                 0x080002dd   Thumb Code     0  libinit2.o(.ARM.Collect$$libinit$$00000015)
    __rt_lib_init_lc_monetary_1              0x080002dd   Thumb Code     0  libinit2.o(.ARM.Collect$$libinit$$00000017)
    __rt_lib_init_lc_numeric_2               0x080002dd   Thumb Code     0  libinit2.o(.ARM.Collect$$libinit$$00000018)
    __rt_lib_init_alloca_1                   0x080002e7   Thumb Code     0  libinit2.o(.ARM.Collect$$libinit$$00000030)
    __rt_lib_init_argv_1                     0x080002e7   Thumb Code     0  libinit2.o(.ARM.Collect$$libinit$$0000002E)
    __rt_lib_init_atexit_1                   0x080002e7   Thumb Code     0  libinit2.o(.ARM.Collect$$libinit$$0000001D)
    __rt_lib_init_clock_1                    0x080002e7   Thumb Code     0  libinit2.o(.ARM.Collect$$libinit$$00000023)
    __rt_lib_init_cpp_1                      0x080002e7   Thumb Code     0  libinit2.o(.ARM.Collect$$libinit$$00000034)
    __rt_lib_init_exceptions_1               0x080002e7   Thumb Code     0  libinit2.o(.ARM.Collect$$libinit$$00000032)
    __rt_lib_init_fp_trap_1                  0x080002e7   Thumb Code     0  libinit2.o(.ARM.Collect$$libinit$$00000021)
    __rt_lib_init_getenv_1                   0x080002e7   Thumb Code     0  libinit2.o(.ARM.Collect$$libinit$$00000025)
    __rt_lib_init_lc_numeric_1               0x080002e7   Thumb Code     0  libinit2.o(.ARM.Collect$$libinit$$00000019)
    __rt_lib_init_lc_time_1                  0x080002e7   Thumb Code     0  libinit2.o(.ARM.Collect$$libinit$$0000001B)
    __rt_lib_init_return                     0x080002e7   Thumb Code     0  libinit2.o(.ARM.Collect$$libinit$$00000035)
    __rt_lib_init_signal_1                   0x080002e7   Thumb Code     0  libinit2.o(.ARM.Collect$$libinit$$0000001F)
    __rt_lib_init_stdio_1                    0x080002e7   Thumb Code     0  libinit2.o(.ARM.Collect$$libinit$$00000027)
    __rt_lib_shutdown                        0x080002e9   Thumb Code     0  libshutdown.o(.ARM.Collect$$libshutdown$$00000000)
    __rt_lib_shutdown_cpp_1                  0x080002eb   Thumb Code     0  libshutdown2.o(.ARM.Collect$$libshutdown$$00000002)
    __rt_lib_shutdown_fp_trap_1              0x080002eb   Thumb Code     0  libshutdown2.o(.ARM.Collect$$libshutdown$$00000007)
    __rt_lib_shutdown_heap_1                 0x080002eb   Thumb Code     0  libshutdown2.o(.ARM.Collect$$libshutdown$$0000000F)
    __rt_lib_shutdown_return                 0x080002eb   Thumb Code     0  libshutdown2.o(.ARM.Collect$$libshutdown$$00000010)
    __rt_lib_shutdown_signal_1               0x080002eb   Thumb Code     0  libshutdown2.o(.ARM.Collect$$libshutdown$$0000000A)
    __rt_lib_shutdown_stdio_1                0x080002eb   Thumb Code     0  libshutdown2.o(.ARM.Collect$$libshutdown$$00000004)
    __rt_lib_shutdown_user_alloc_1           0x080002eb   Thumb Code     0  libshutdown2.o(.ARM.Collect$$libshutdown$$0000000C)
    __rt_entry                               0x080002ed   Thumb Code     0  __rtentry.o(.ARM.Collect$$rtentry$$00000000)
    __rt_entry_presh_1                       0x080002ed   Thumb Code     0  __rtentry2.o(.ARM.Collect$$rtentry$$00000002)
    __rt_entry_sh                            0x080002ed   Thumb Code     0  __rtentry4.o(.ARM.Collect$$rtentry$$00000004)
    __rt_entry_li                            0x080002f3   Thumb Code     0  __rtentry2.o(.ARM.Collect$$rtentry$$0000000A)
    __rt_entry_postsh_1                      0x080002f3   Thumb Code     0  __rtentry2.o(.ARM.Collect$$rtentry$$00000009)
    __rt_entry_main                          0x080002f7   Thumb Code     0  __rtentry2.o(.ARM.Collect$$rtentry$$0000000D)
    __rt_entry_postli_1                      0x080002f7   Thumb Code     0  __rtentry2.o(.ARM.Collect$$rtentry$$0000000C)
    __rt_exit                                0x080002ff   Thumb Code     0  rtexit.o(.ARM.Collect$$rtexit$$00000000)
    __rt_exit_ls                             0x08000301   Thumb Code     0  rtexit2.o(.ARM.Collect$$rtexit$$00000003)
    __rt_exit_prels_1                        0x08000301   Thumb Code     0  rtexit2.o(.ARM.Collect$$rtexit$$00000002)
    __rt_exit_exit                           0x08000305   Thumb Code     0  rtexit2.o(.ARM.Collect$$rtexit$$00000004)
    Reset_Handler                            0x0800030d   Thumb Code     8  startup_stm32f401xe.o(.text)
    ADC_IRQHandler                           0x08000327   Thumb Code     0  startup_stm32f401xe.o(.text)
    DMA1_Stream0_IRQHandler                  0x08000327   Thumb Code     0  startup_stm32f401xe.o(.text)
    DMA1_Stream1_IRQHandler                  0x08000327   Thumb Code     0  startup_stm32f401xe.o(.text)
    DMA1_Stream2_IRQHandler                  0x08000327   Thumb Code     0  startup_stm32f401xe.o(.text)
    DMA1_Stream3_IRQHandler                  0x08000327   Thumb Code     0  startup_stm32f401xe.o(.text)
    DMA1_Stream4_IRQHandler                  0x08000327   Thumb Code     0  startup_stm32f401xe.o(.text)
    DMA1_Stream5_IRQHandler                  0x08000327   Thumb Code     0  startup_stm32f401xe.o(.text)
    DMA1_Stream6_IRQHandler                  0x08000327   Thumb Code     0  startup_stm32f401xe.o(.text)
    DMA1_Stream7_IRQHandler                  0x08000327   Thumb Code     0  startup_stm32f401xe.o(.text)
    DMA2_Stream0_IRQHandler                  0x08000327   Thumb Code     0  startup_stm32f401xe.o(.text)
    DMA2_Stream1_IRQHandler                  0x08000327   Thumb Code     0  startup_stm32f401xe.o(.text)
    DMA2_Stream2_IRQHandler                  0x08000327   Thumb Code     0  startup_stm32f401xe.o(.text)
    DMA2_Stream3_IRQHandler                  0x08000327   Thumb Code     0  startup_stm32f401xe.o(.text)
    DMA2_Stream4_IRQHandler                  0x08000327   Thumb Code     0  startup_stm32f401xe.o(.text)
    DMA2_Stream5_IRQHandler                  0x08000327   Thumb Code     0  startup_stm32f401xe.o(.text)
    DMA2_Stream6_IRQHandler                  0x08000327   Thumb Code     0  startup_stm32f401xe.o(.text)
    DMA2_Stream7_IRQHandler                  0x08000327   Thumb Code     0  startup_stm32f401xe.o(.text)
    EXTI0_IRQHandler                         0x08000327   Thumb Code     0  startup_stm32f401xe.o(.text)
    EXTI15_10_IRQHandler                     0x08000327   Thumb Code     0  startup_stm32f401xe.o(.text)
    EXTI1_IRQHandler                         0x08000327   Thumb Code     0  startup_stm32f401xe.o(.text)
    EXTI2_IRQHandler                         0x08000327   Thumb Code     0  startup_stm32f401xe.o(.text)
    EXTI3_IRQHandler                         0x08000327   Thumb Code     0  startup_stm32f401xe.o(.text)
    EXTI4_IRQHandler                         0x08000327   Thumb Code     0  startup_stm32f401xe.o(.text)
    EXTI9_5_IRQHandler                       0x08000327   Thumb Code     0  startup_stm32f401xe.o(.text)
    FLASH_IRQHandler                         0x08000327   Thumb Code     0  startup_stm32f401xe.o(.text)
    FPU_IRQHandler                           0x08000327   Thumb Code     0  startup_stm32f401xe.o(.text)
    I2C1_ER_IRQHandler                       0x08000327   Thumb Code     0  startup_stm32f401xe.o(.text)
    I2C1_EV_IRQHandler                       0x08000327   Thumb Code     0  startup_stm32f401xe.o(.text)
    I2C2_ER_IRQHandler                       0x08000327   Thumb Code     0  startup_stm32f401xe.o(.text)
    I2C2_EV_IRQHandler                       0x08000327   Thumb Code     0  startup_stm32f401xe.o(.text)
    I2C3_ER_IRQHandler                       0x08000327   Thumb Code     0  startup_stm32f401xe.o(.text)
    I2C3_EV_IRQHandler                       0x08000327   Thumb Code     0  startup_stm32f401xe.o(.text)
    OTG_FS_IRQHandler                        0x08000327   Thumb Code     0  startup_stm32f401xe.o(.text)
    OTG_FS_WKUP_IRQHandler                   0x08000327   Thumb Code     0  startup_stm32f401xe.o(.text)
    PVD_IRQHandler                           0x08000327   Thumb Code     0  startup_stm32f401xe.o(.text)
    RCC_IRQHandler                           0x08000327   Thumb Code     0  startup_stm32f401xe.o(.text)
    RTC_Alarm_IRQHandler                     0x08000327   Thumb Code     0  startup_stm32f401xe.o(.text)
    RTC_WKUP_IRQHandler                      0x08000327   Thumb Code     0  startup_stm32f401xe.o(.text)
    SDIO_IRQHandler                          0x08000327   Thumb Code     0  startup_stm32f401xe.o(.text)
    SPI1_IRQHandler                          0x08000327   Thumb Code     0  startup_stm32f401xe.o(.text)
    SPI2_IRQHandler                          0x08000327   Thumb Code     0  startup_stm32f401xe.o(.text)
    SPI3_IRQHandler                          0x08000327   Thumb Code     0  startup_stm32f401xe.o(.text)
    SPI4_IRQHandler                          0x08000327   Thumb Code     0  startup_stm32f401xe.o(.text)
    TAMP_STAMP_IRQHandler                    0x08000327   Thumb Code     0  startup_stm32f401xe.o(.text)
    TIM1_BRK_TIM9_IRQHandler                 0x08000327   Thumb Code     0  startup_stm32f401xe.o(.text)
    TIM1_CC_IRQHandler                       0x08000327   Thumb Code     0  startup_stm32f401xe.o(.text)
    TIM1_UP_TIM10_IRQHandler                 0x08000327   Thumb Code     0  startup_stm32f401xe.o(.text)
    TIM2_IRQHandler                          0x08000327   Thumb Code     0  startup_stm32f401xe.o(.text)
    TIM3_IRQHandler                          0x08000327   Thumb Code     0  startup_stm32f401xe.o(.text)
    TIM4_IRQHandler                          0x08000327   Thumb Code     0  startup_stm32f401xe.o(.text)
    TIM5_IRQHandler                          0x08000327   Thumb Code     0  startup_stm32f401xe.o(.text)
    USART1_IRQHandler                        0x08000327   Thumb Code     0  startup_stm32f401xe.o(.text)
    USART2_IRQHandler                        0x08000327   Thumb Code     0  startup_stm32f401xe.o(.text)
    USART6_IRQHandler                        0x08000327   Thumb Code     0  startup_stm32f401xe.o(.text)
    WWDG_IRQHandler                          0x08000327   Thumb Code     0  startup_stm32f401xe.o(.text)
    __user_initial_stackheap                 0x08000329   Thumb Code     0  startup_stm32f401xe.o(.text)
    __aeabi_uldivmod                         0x0800034d   Thumb Code     0  lludivv7m.o(.text)
    _ll_udiv                                 0x0800034d   Thumb Code   240  lludivv7m.o(.text)
    sprintf                                  0x0800043d   Thumb Code    38  sprintf.o(.text)
    strcpy                                   0x08000469   Thumb Code    72  strcpy.o(.text)
    strlen                                   0x080004b1   Thumb Code    62  strlen.o(.text)
    strcat                                   0x080004ef   Thumb Code    24  strcat.o(.text)
    __aeabi_memclr4                          0x08000507   Thumb Code     0  rt_memclr_w.o(.text)
    __aeabi_memclr8                          0x08000507   Thumb Code     0  rt_memclr_w.o(.text)
    __rt_memclr_w                            0x08000507   Thumb Code     0  rt_memclr_w.o(.text)
    _memset_w                                0x0800050b   Thumb Code    74  rt_memclr_w.o(.text)
    __use_two_region_memory                  0x08000555   Thumb Code     2  heapauxi.o(.text)
    __rt_heap_escrow$2region                 0x08000557   Thumb Code     2  heapauxi.o(.text)
    __rt_heap_expand$2region                 0x08000559   Thumb Code     2  heapauxi.o(.text)
    _printf_pre_padding                      0x0800055b   Thumb Code    44  _printf_pad.o(.text)
    _printf_post_padding                     0x08000587   Thumb Code    34  _printf_pad.o(.text)
    _printf_truncate_signed                  0x080005a9   Thumb Code    18  _printf_truncate.o(.text)
    _printf_truncate_unsigned                0x080005bb   Thumb Code    18  _printf_truncate.o(.text)
    _printf_str                              0x080005cd   Thumb Code    82  _printf_str.o(.text)
    _printf_int_dec                          0x08000621   Thumb Code   104  _printf_dec.o(.text)
    _printf_charcount                        0x08000699   Thumb Code    40  _printf_charcount.o(.text)
    _printf_char_common                      0x080006cb   Thumb Code    32  _printf_char_common.o(.text)
    _sputc                                   0x080006f1   Thumb Code    10  _sputc.o(.text)
    _printf_wctomb                           0x080006fd   Thumb Code   182  _printf_wctomb.o(.text)
    _printf_longlong_dec                     0x080007b9   Thumb Code   108  _printf_longlong_dec.o(.text)
    _printf_longlong_oct                     0x08000835   Thumb Code    68  _printf_oct_int_ll.o(.text)
    _printf_int_oct                          0x08000879   Thumb Code    24  _printf_oct_int_ll.o(.text)
    _printf_ll_oct                           0x08000891   Thumb Code    12  _printf_oct_int_ll.o(.text)
    _printf_longlong_hex                     0x080008a5   Thumb Code    86  _printf_hex_int_ll_ptr.o(.text)
    _printf_int_hex                          0x080008fb   Thumb Code    28  _printf_hex_int_ll_ptr.o(.text)
    _printf_ll_hex                           0x08000917   Thumb Code    12  _printf_hex_int_ll_ptr.o(.text)
    _printf_hex_ptr                          0x08000923   Thumb Code    18  _printf_hex_int_ll_ptr.o(.text)
    __printf                                 0x08000939   Thumb Code   388  __printf_flags_ss_wp.o(.text)
    _ll_udiv10                               0x08000ac1   Thumb Code   138  lludiv10.o(.text)
    _printf_int_common                       0x08000b4b   Thumb Code   178  _printf_intcommon.o(.text)
    _printf_fp_dec_real                      0x08000dad   Thumb Code   620  _printf_fp_dec.o(.text)
    _printf_fp_hex_real                      0x08001019   Thumb Code   756  _printf_fp_hex.o(.text)
    _printf_cs_common                        0x08001315   Thumb Code    20  _printf_char.o(.text)
    _printf_char                             0x08001329   Thumb Code    16  _printf_char.o(.text)
    _printf_string                           0x08001339   Thumb Code     8  _printf_char.o(.text)
    _printf_lcs_common                       0x08001341   Thumb Code    20  _printf_wchar.o(.text)
    _printf_wchar                            0x08001355   Thumb Code    16  _printf_wchar.o(.text)
    _printf_wstring                          0x08001365   Thumb Code     8  _printf_wchar.o(.text)
    _c16rtomb                                0x0800136d   Thumb Code    72  _c16rtomb.o(.text)
    _wcrtomb                                 0x0800136d   Thumb Code     0  _c16rtomb.o(.text)
    __user_setup_stackheap                   0x080013b5   Thumb Code    74  sys_stackheap_outer.o(.text)
    __rt_ctype_table                         0x08001401   Thumb Code    16  rt_ctype_table.o(.text)
    __rt_locale                              0x08001411   Thumb Code     8  rt_locale_intlibspace.o(.text)
    _printf_fp_infnan                        0x08001419   Thumb Code   112  _printf_fp_infnan.o(.text)
    _btod_etento                             0x08001499   Thumb Code   224  bigflt0.o(.text)
    exit                                     0x0800157d   Thumb Code    18  exit.o(.text)
    __user_libspace                          0x08001591   Thumb Code     8  libspace.o(.text)
    __user_perproc_libspace                  0x08001591   Thumb Code     0  libspace.o(.text)
    __user_perthread_libspace                0x08001591   Thumb Code     0  libspace.o(.text)
    strcmp                                   0x08001599   Thumb Code   124  strcmpv7em.o(.text)
    _sys_exit                                0x08001615   Thumb Code     8  sys_exit.o(.text)
    __I$use$semihosting                      0x08001621   Thumb Code     0  use_no_semi.o(.text)
    __use_no_semihosting_swi                 0x08001621   Thumb Code     2  use_no_semi.o(.text)
    __semihosting_library_function           0x08001623   Thumb Code     0  indicate_semi.o(.text)
    BusFault_Handler                         0x08001625   Thumb Code     4  stm32f4xx_it.o(.text.BusFault_Handler)
    DebugMon_Handler                         0x08001629   Thumb Code     2  stm32f4xx_it.o(.text.DebugMon_Handler)
    Error_Handler                            0x080016c1   Thumb Code     6  main.o(.text.Error_Handler)
    HAL_Delay                                0x08001705   Thumb Code    66  stm32f4xx_hal.o(.text.HAL_Delay)
    HAL_GPIO_Init                            0x08001749   Thumb Code   866  stm32f4xx_hal_gpio.o(.text.HAL_GPIO_Init)
    HAL_GPIO_ReadPin                         0x08001aad   Thumb Code    46  stm32f4xx_hal_gpio.o(.text.HAL_GPIO_ReadPin)
    HAL_GPIO_WritePin                        0x08001add   Thumb Code    46  stm32f4xx_hal_gpio.o(.text.HAL_GPIO_WritePin)
    HAL_GetTick                              0x08001b0d   Thumb Code    12  stm32f4xx_hal.o(.text.HAL_GetTick)
    HAL_I2C_Init                             0x08001b19   Thumb Code   676  stm32f4xx_hal_i2c.o(.text.HAL_I2C_Init)
    HAL_I2C_IsDeviceReady                    0x08001dbd   Thumb Code   654  stm32f4xx_hal_i2c.o(.text.HAL_I2C_IsDeviceReady)
    HAL_I2C_Master_Transmit                  0x0800204d   Thumb Code   524  stm32f4xx_hal_i2c.o(.text.HAL_I2C_Master_Transmit)
    HAL_I2C_Mem_Read                         0x08002259   Thumb Code  1096  stm32f4xx_hal_i2c.o(.text.HAL_I2C_Mem_Read)
    HAL_I2C_Mem_Write                        0x080026a1   Thumb Code   532  stm32f4xx_hal_i2c.o(.text.HAL_I2C_Mem_Write)
    HAL_I2C_MspInit                          0x080028b5   Thumb Code   350  stm32f4xx_hal_msp.o(.text.HAL_I2C_MspInit)
    HAL_IncTick                              0x08002a15   Thumb Code    26  stm32f4xx_hal.o(.text.HAL_IncTick)
    HAL_Init                                 0x08002a31   Thumb Code    60  stm32f4xx_hal.o(.text.HAL_Init)
    HAL_InitTick                             0x08002a6d   Thumb Code   112  stm32f4xx_hal.o(.text.HAL_InitTick)
    HAL_MspInit                              0x08002add   Thumb Code    74  stm32f4xx_hal_msp.o(.text.HAL_MspInit)
    HAL_NVIC_EnableIRQ                       0x08002b29   Thumb Code    20  stm32f4xx_hal_cortex.o(.text.HAL_NVIC_EnableIRQ)
    HAL_NVIC_SetPriority                     0x08002b3d   Thumb Code    50  stm32f4xx_hal_cortex.o(.text.HAL_NVIC_SetPriority)
    HAL_NVIC_SetPriorityGrouping             0x08002b71   Thumb Code    16  stm32f4xx_hal_cortex.o(.text.HAL_NVIC_SetPriorityGrouping)
    HAL_RCC_ClockConfig                      0x08002b81   Thumb Code   610  stm32f4xx_hal_rcc.o(.text.HAL_RCC_ClockConfig)
    HAL_RCC_GetHCLKFreq                      0x08002de5   Thumb Code    12  stm32f4xx_hal_rcc.o(.text.HAL_RCC_GetHCLKFreq)
    HAL_RCC_GetPCLK1Freq                     0x08002df1   Thumb Code    34  stm32f4xx_hal_rcc.o(.text.HAL_RCC_GetPCLK1Freq)
    HAL_RCC_GetPCLK2Freq                     0x08002e15   Thumb Code    34  stm32f4xx_hal_rcc.o(.text.HAL_RCC_GetPCLK2Freq)
    HAL_RCC_GetSysClockFreq                  0x08002e39   Thumb Code   230  stm32f4xx_hal_rcc.o(.text.HAL_RCC_GetSysClockFreq)
    HAL_RCC_OscConfig                        0x08002f21   Thumb Code  1726  stm32f4xx_hal_rcc.o(.text.HAL_RCC_OscConfig)
    HAL_SYSTICK_Config                       0x080035e1   Thumb Code    16  stm32f4xx_hal_cortex.o(.text.HAL_SYSTICK_Config)
    HAL_TIMEx_BreakCallback                  0x080035f1   Thumb Code     8  stm32f4xx_hal_tim_ex.o(.text.HAL_TIMEx_BreakCallback)
    HAL_TIMEx_CommutCallback                 0x080035f9   Thumb Code     8  stm32f4xx_hal_tim_ex.o(.text.HAL_TIMEx_CommutCallback)
    HAL_TIM_Base_Init                        0x08003601   Thumb Code   156  stm32f4xx_hal_tim.o(.text.HAL_TIM_Base_Init)
    HAL_TIM_Base_MspInit                     0x0800369d   Thumb Code    82  stm32f4xx_hal_msp.o(.text.HAL_TIM_Base_MspInit)
    HAL_TIM_Base_Start_IT                    0x080036f1   Thumb Code   210  stm32f4xx_hal_tim.o(.text.HAL_TIM_Base_Start_IT)
    HAL_TIM_IC_CaptureCallback               0x080037c5   Thumb Code     8  stm32f4xx_hal_tim.o(.text.HAL_TIM_IC_CaptureCallback)
    HAL_TIM_IRQHandler                       0x080037cd   Thumb Code   538  stm32f4xx_hal_tim.o(.text.HAL_TIM_IRQHandler)
    HAL_TIM_OC_DelayElapsedCallback          0x080039e9   Thumb Code     8  stm32f4xx_hal_tim.o(.text.HAL_TIM_OC_DelayElapsedCallback)
    HAL_TIM_PWM_PulseFinishedCallback        0x080039f1   Thumb Code     8  stm32f4xx_hal_tim.o(.text.HAL_TIM_PWM_PulseFinishedCallback)
    HAL_TIM_PeriodElapsedCallback            0x080039f9   Thumb Code   286  main.o(.text.HAL_TIM_PeriodElapsedCallback)
    HAL_TIM_TriggerCallback                  0x08003b19   Thumb Code     8  stm32f4xx_hal_tim.o(.text.HAL_TIM_TriggerCallback)
    HAL_UART_Init                            0x08003b21   Thumb Code   158  stm32f4xx_hal_uart.o(.text.HAL_UART_Init)
    HAL_UART_MspInit                         0x08003bc1   Thumb Code   140  stm32f4xx_hal_msp.o(.text.HAL_UART_MspInit)
    HAL_UART_Transmit                        0x08003c4d   Thumb Code   304  stm32f4xx_hal_uart.o(.text.HAL_UART_Transmit)
    HD44780_Clear                            0x08003d7d   Thumb Code    18  liquidcrystal_i2c.o(.text.HD44780_Clear)
    HD44780_CreateSpecialChar                0x08003d91   Thumb Code    76  liquidcrystal_i2c.o(.text.HD44780_CreateSpecialChar)
    HD44780_Display                          0x08003ddd   Thumb Code    30  liquidcrystal_i2c.o(.text.HD44780_Display)
    HD44780_Home                             0x08003dfd   Thumb Code    18  liquidcrystal_i2c.o(.text.HD44780_Home)
    HD44780_Init                             0x08003e11   Thumb Code   278  liquidcrystal_i2c.o(.text.HD44780_Init)
    HD44780_PrintStr                         0x08003f29   Thumb Code    34  liquidcrystal_i2c.o(.text.HD44780_PrintStr)
    HD44780_SetCursor                        0x08003f4d   Thumb Code    96  liquidcrystal_i2c.o(.text.HD44780_SetCursor)
    HardFault_Handler                        0x08003fad   Thumb Code     4  stm32f4xx_it.o(.text.HardFault_Handler)
    MemManage_Handler                        0x08004ac5   Thumb Code     4  stm32f4xx_it.o(.text.MemManage_Handler)
    NMI_Handler                              0x08004ac9   Thumb Code     4  stm32f4xx_it.o(.text.NMI_Handler)
    PendSV_Handler                           0x08004b39   Thumb Code     2  stm32f4xx_it.o(.text.PendSV_Handler)
    SVC_Handler                              0x08004b71   Thumb Code     2  stm32f4xx_it.o(.text.SVC_Handler)
    SysTick_Handler                          0x08004c3d   Thumb Code     8  stm32f4xx_it.o(.text.SysTick_Handler)
    SystemClock_Config                       0x08004c45   Thumb Code   184  main.o(.text.SystemClock_Config)
    SystemInit                               0x08004cfd   Thumb Code    18  system_stm32f4xx.o(.text.SystemInit)
    TIM1_TRG_COM_TIM11_IRQHandler            0x08004d11   Thumb Code    16  stm32f4xx_it.o(.text.TIM1_TRG_COM_TIM11_IRQHandler)
    TIM_Base_SetConfig                       0x08004d21   Thumb Code   324  stm32f4xx_hal_tim.o(.text.TIM_Base_SetConfig)
    UsageFault_Handler                       0x08005111   Thumb Code     4  stm32f4xx_it.o(.text.UsageFault_Handler)
    check_if_conversion_ready                0x080051f1   Thumb Code    98  ina226.o(.text.check_if_conversion_ready)
    ina226_current_via_reg                   0x08005259   Thumb Code   120  ina226.o(.text.ina226_current_via_reg)
    ina226_init                              0x080052d9   Thumb Code   174  ina226.o(.text.ina226_init)
    ina226_set_cal_reg                       0x08005389   Thumb Code    88  ina226.o(.text.ina226_set_cal_reg)
    main                                     0x080053e1   Thumb Code  1154  main.o(.text.main)
    _btod_d2e                                0x08005863   Thumb Code    62  btod.o(CL$$btod_d2e)
    _d2e_denorm_low                          0x080058a1   Thumb Code    70  btod.o(CL$$btod_d2e_denorm_low)
    _d2e_norm_op1                            0x080058e7   Thumb Code    96  btod.o(CL$$btod_d2e_norm_op1)
    __btod_div_common                        0x08005949   Thumb Code   696  btod.o(CL$$btod_div_common)
    _e2e                                     0x08005c81   Thumb Code   220  btod.o(CL$$btod_e2e)
    _btod_ediv                               0x08005d5d   Thumb Code    42  btod.o(CL$$btod_ediv)
    _btod_emul                               0x08005d87   Thumb Code    42  btod.o(CL$$btod_emul)
    __btod_mult_common                       0x08005db1   Thumb Code   580  btod.o(CL$$btod_mult_common)
    __ARM_fpclassify                         0x08005ff5   Thumb Code    48  fpclassify.o(i.__ARM_fpclassify)
    _is_digit                                0x08006025   Thumb Code    14  __printf_wp.o(i._is_digit)
    _get_lc_numeric                          0x08006035   Thumb Code    44  lc_numeric_c.o(locale$$code)
    _get_lc_ctype                            0x08006061   Thumb Code    44  lc_ctype_c.o(locale$$code)
    __aeabi_d2f                              0x0800608d   Thumb Code     0  d2f.o(x$fpl$d2f)
    _d2f                                     0x0800608d   Thumb Code    98  d2f.o(x$fpl$d2f)
    __fpl_dcmp_Inf                           0x080060ef   Thumb Code    24  dcmpi.o(x$fpl$dcmpinf)
    __aeabi_cdcmpeq                          0x08006109   Thumb Code     0  deqf.o(x$fpl$deqf)
    _dcmpeq                                  0x08006109   Thumb Code   120  deqf.o(x$fpl$deqf)
    __aeabi_i2d                              0x08006181   Thumb Code     0  dflt_clz.o(x$fpl$dflt)
    _dflt                                    0x08006181   Thumb Code    46  dflt_clz.o(x$fpl$dflt)
    __aeabi_cdcmpge                          0x080061b1   Thumb Code     0  dgeqf.o(x$fpl$dgeqf)
    _dcmpge                                  0x080061b1   Thumb Code   120  dgeqf.o(x$fpl$dgeqf)
    __aeabi_cdcmple                          0x08006229   Thumb Code     0  dleqf.o(x$fpl$dleqf)
    _dcmple                                  0x08006229   Thumb Code   120  dleqf.o(x$fpl$dleqf)
    __fpl_dcmple_InfNaN                      0x0800628b   Thumb Code     0  dleqf.o(x$fpl$dleqf)
    __aeabi_dmul                             0x080062a1   Thumb Code     0  dmul.o(x$fpl$dmul)
    _dmul                                    0x080062a1   Thumb Code   332  dmul.o(x$fpl$dmul)
    __fpl_dnaninf                            0x080063f5   Thumb Code   156  dnaninf.o(x$fpl$dnaninf)
    __fpl_dretinf                            0x08006491   Thumb Code    12  dretinf.o(x$fpl$dretinf)
    __aeabi_f2d                              0x0800649d   Thumb Code     0  f2d.o(x$fpl$f2d)
    _f2d                                     0x0800649d   Thumb Code    86  f2d.o(x$fpl$f2d)
    __aeabi_dcmpeq                           0x080064f3   Thumb Code     0  dcmp.o(x$fpl$fcmp)
    _deq                                     0x080064f3   Thumb Code    14  dcmp.o(x$fpl$fcmp)
    _dneq                                    0x08006501   Thumb Code    14  dcmp.o(x$fpl$fcmp)
    __aeabi_dcmpgt                           0x0800650f   Thumb Code     0  dcmp.o(x$fpl$fcmp)
    _dgr                                     0x0800650f   Thumb Code    14  dcmp.o(x$fpl$fcmp)
    __aeabi_dcmpge                           0x0800651d   Thumb Code     0  dcmp.o(x$fpl$fcmp)
    _dgeq                                    0x0800651d   Thumb Code    14  dcmp.o(x$fpl$fcmp)
    __aeabi_dcmple                           0x0800652b   Thumb Code     0  dcmp.o(x$fpl$fcmp)
    _dleq                                    0x0800652b   Thumb Code    14  dcmp.o(x$fpl$fcmp)
    __aeabi_dcmplt                           0x08006539   Thumb Code     0  dcmp.o(x$fpl$fcmp)
    _dls                                     0x08006539   Thumb Code    14  dcmp.o(x$fpl$fcmp)
    __fpl_fnaninf                            0x08006547   Thumb Code   140  fnaninf.o(x$fpl$fnaninf)
    _fp_init                                 0x080065d3   Thumb Code    26  fpinit.o(x$fpl$fpinit)
    __fplib_config_fpu_vfp                   0x080065eb   Thumb Code     0  fpinit.o(x$fpl$fpinit)
    __fplib_config_pureend_doubles           0x080065eb   Thumb Code     0  fpinit.o(x$fpl$fpinit)
    __fpl_fretinf                            0x080065ed   Thumb Code    10  fretinf.o(x$fpl$fretinf)
    _printf_fp_dec                           0x080065f7   Thumb Code     4  printf1.o(x$fpl$printf1)
    _printf_fp_hex                           0x080065fb   Thumb Code     4  printf2.o(x$fpl$printf2)
    __I$use$fp                               0x080065fe   Number         0  usenofp.o(x$fpl$usenofp)
    AHBPrescTable                            0x080066fc   Data          16  system_stm32f4xx.o(.rodata.AHBPrescTable)
    APBPrescTable                            0x0800670c   Data           8  system_stm32f4xx.o(.rodata.APBPrescTable)
    Region$$Table$$Base                      0x08006758   Number         0  anon$$obj.o(Region$$Table)
    Region$$Table$$Limit                     0x08006778   Number         0  anon$$obj.o(Region$$Table)
    __ctype                                  0x080067a1   Data           0  lc_ctype_c.o(locale$$data)
    SystemCoreClock                          0x20000000   Data           4  system_stm32f4xx.o(.data.SystemCoreClock)
    current2                                 0x20000004   Data           4  main.o(.data.current2)
    current2_ON                              0x20000008   Data           1  main.o(.data.current2_ON)
    current3                                 0x2000000c   Data           4  main.o(.data.current3)
    header                                   0x20000010   Data          13  main.o(.data.header)
    special1                                 0x2000001d   Data           8  liquidcrystal_i2c.o(.data.special1)
    special2                                 0x20000025   Data           8  liquidcrystal_i2c.o(.data.special2)
    uwTickFreq                               0x2000002d   Data           1  stm32f4xx_hal.o(.data.uwTickFreq)
    uwTickPrio                               0x20000030   Data           4  stm32f4xx_hal.o(.data.uwTickPrio)
    __libspace_start                         0x20000038   Data          96  libspace.o(.bss)
    Display                                  0x20000098   Data          16  main.o(.bss.Display)
    __temporary_stack_top$libspace           0x20000098   Data           0  libspace.o(.bss)
    HUART_MESSAGE                            0x200000a8   Data          50  main.o(.bss.HUART_MESSAGE)
    HUART_MESSAGE_LENGTH                     0x200000dc   Data           4  main.o(.bss.HUART_MESSAGE_LENGTH)
    activate_display1                        0x200000e0   Data           1  main.o(.bss.activate_display1)
    activate_display2                        0x200000e1   Data           1  main.o(.bss.activate_display2)
    activate_read                            0x200000e2   Data           1  main.o(.bss.activate_read)
    current                                  0x200000e4   Data           4  main.o(.bss.current)
    current_AVG                              0x200000e8   Data           4  main.o(.bss.current_AVG)
    display_wait                             0x200000ec   Data           4  main.o(.bss.display_wait)
    dpBacklight                              0x200000f0   Data           1  liquidcrystal_i2c.o(.bss.dpBacklight)
    dpControl                                0x200000f1   Data           1  liquidcrystal_i2c.o(.bss.dpControl)
    dpFunction                               0x200000f2   Data           1  liquidcrystal_i2c.o(.bss.dpFunction)
    dpMode                                   0x200000f3   Data           1  liquidcrystal_i2c.o(.bss.dpMode)
    dpRows                                   0x200000f4   Data           1  liquidcrystal_i2c.o(.bss.dpRows)
    hi2c1                                    0x200000f8   Data          84  main.o(.bss.hi2c1)
    hi2c3                                    0x2000014c   Data          84  main.o(.bss.hi2c3)
    htim11                                   0x200001a0   Data          72  main.o(.bss.htim11)
    huart2                                   0x200001e8   Data          72  main.o(.bss.huart2)
    one_push                                 0x20000230   Data           1  main.o(.bss.one_push)
    push_count                               0x20000234   Data           4  main.o(.bss.push_count)
    reading                                  0x20000238   Data           9  main.o(.bss.reading)
    rx                                       0x20000241   Data           2  main.o(.bss.rx)
    uwTick                                   0x20000244   Data           4  stm32f4xx_hal.o(.bss.uwTick)
    variables                                0x20000248   Data          16  main.o(.bss.variables)



==============================================================================

Memory Map of the image

  Image Entry point : 0x08000195

  Load Region LR_IROM1 (Base: 0x08000000, Size: 0x000068e0, Max: 0x00080000, ABSOLUTE)

    Execution Region ER_IROM1 (Exec base: 0x08000000, Load base: 0x08000000, Size: 0x000068a4, Max: 0x00080000, ABSOLUTE)

    Exec Addr    Load Addr    Size         Type   Attr      Idx    E Section Name        Object

    0x08000000   0x08000000   0x00000194   Data   RO            3    RESET               startup_stm32f401xe.o
    0x08000194   0x08000194   0x00000008   Code   RO         1345  * !!!main             c_w.l(__main.o)
    0x0800019c   0x0800019c   0x0000005c   Code   RO         1722    !!!scatter          c_w.l(__scatter.o)
    0x080001f8   0x080001f8   0x0000001a   Code   RO         1726    !!handler_copy      c_w.l(__scatter_copy.o)
    0x08000212   0x08000212   0x00000002   PAD
    0x08000214   0x08000214   0x00000002   Code   RO         1723    !!handler_null      c_w.l(__scatter.o)
    0x08000216   0x08000216   0x00000002   PAD
    0x08000218   0x08000218   0x0000001c   Code   RO         1728    !!handler_zi        c_w.l(__scatter_zi.o)
    0x08000234   0x08000234   0x00000000   Code   RO         1447    .ARM.Collect$$_printf_percent$$00000000  c_w.l(_printf_percent.o)
    0x08000234   0x08000234   0x00000006   Code   RO         1436    .ARM.Collect$$_printf_percent$$00000001  c_w.l(_printf_n.o)
    0x0800023a   0x0800023a   0x00000006   Code   RO         1438    .ARM.Collect$$_printf_percent$$00000002  c_w.l(_printf_p.o)
    0x08000240   0x08000240   0x00000006   Code   RO         1443    .ARM.Collect$$_printf_percent$$00000003  c_w.l(_printf_f.o)
    0x08000246   0x08000246   0x00000006   Code   RO         1444    .ARM.Collect$$_printf_percent$$00000004  c_w.l(_printf_e.o)
    0x0800024c   0x0800024c   0x00000006   Code   RO         1445    .ARM.Collect$$_printf_percent$$00000005  c_w.l(_printf_g.o)
    0x08000252   0x08000252   0x00000006   Code   RO         1446    .ARM.Collect$$_printf_percent$$00000006  c_w.l(_printf_a.o)
    0x08000258   0x08000258   0x0000000a   Code   RO         1451    .ARM.Collect$$_printf_percent$$00000007  c_w.l(_printf_ll.o)
    0x08000262   0x08000262   0x00000006   Code   RO         1440    .ARM.Collect$$_printf_percent$$00000008  c_w.l(_printf_i.o)
    0x08000268   0x08000268   0x00000006   Code   RO         1441    .ARM.Collect$$_printf_percent$$00000009  c_w.l(_printf_d.o)
    0x0800026e   0x0800026e   0x00000006   Code   RO         1442    .ARM.Collect$$_printf_percent$$0000000A  c_w.l(_printf_u.o)
    0x08000274   0x08000274   0x00000006   Code   RO         1439    .ARM.Collect$$_printf_percent$$0000000B  c_w.l(_printf_o.o)
    0x0800027a   0x0800027a   0x00000006   Code   RO         1437    .ARM.Collect$$_printf_percent$$0000000C  c_w.l(_printf_x.o)
    0x08000280   0x08000280   0x00000006   Code   RO         1448    .ARM.Collect$$_printf_percent$$0000000D  c_w.l(_printf_lli.o)
    0x08000286   0x08000286   0x00000006   Code   RO         1449    .ARM.Collect$$_printf_percent$$0000000E  c_w.l(_printf_lld.o)
    0x0800028c   0x0800028c   0x00000006   Code   RO         1450    .ARM.Collect$$_printf_percent$$0000000F  c_w.l(_printf_llu.o)
    0x08000292   0x08000292   0x00000006   Code   RO         1455    .ARM.Collect$$_printf_percent$$00000010  c_w.l(_printf_llo.o)
    0x08000298   0x08000298   0x00000006   Code   RO         1456    .ARM.Collect$$_printf_percent$$00000011  c_w.l(_printf_llx.o)
    0x0800029e   0x0800029e   0x0000000a   Code   RO         1452    .ARM.Collect$$_printf_percent$$00000012  c_w.l(_printf_l.o)
    0x080002a8   0x080002a8   0x00000006   Code   RO         1434    .ARM.Collect$$_printf_percent$$00000013  c_w.l(_printf_c.o)
    0x080002ae   0x080002ae   0x00000006   Code   RO         1435    .ARM.Collect$$_printf_percent$$00000014  c_w.l(_printf_s.o)
    0x080002b4   0x080002b4   0x00000006   Code   RO         1453    .ARM.Collect$$_printf_percent$$00000015  c_w.l(_printf_lc.o)
    0x080002ba   0x080002ba   0x00000006   Code   RO         1454    .ARM.Collect$$_printf_percent$$00000016  c_w.l(_printf_ls.o)
    0x080002c0   0x080002c0   0x00000004   Code   RO         1514    .ARM.Collect$$_printf_percent$$00000017  c_w.l(_printf_percent_end.o)
    0x080002c4   0x080002c4   0x00000002   Code   RO         1571    .ARM.Collect$$libinit$$00000000  c_w.l(libinit.o)
    0x080002c6   0x080002c6   0x00000004   Code   RO         1594    .ARM.Collect$$libinit$$00000001  c_w.l(libinit2.o)
    0x080002ca   0x080002ca   0x00000000   Code   RO         1597    .ARM.Collect$$libinit$$00000004  c_w.l(libinit2.o)
    0x080002ca   0x080002ca   0x00000000   Code   RO         1599    .ARM.Collect$$libinit$$00000006  c_w.l(libinit2.o)
    0x080002ca   0x080002ca   0x00000000   Code   RO         1602    .ARM.Collect$$libinit$$0000000C  c_w.l(libinit2.o)
    0x080002ca   0x080002ca   0x00000000   Code   RO         1604    .ARM.Collect$$libinit$$0000000E  c_w.l(libinit2.o)
    0x080002ca   0x080002ca   0x00000000   Code   RO         1606    .ARM.Collect$$libinit$$00000010  c_w.l(libinit2.o)
    0x080002ca   0x080002ca   0x00000006   Code   RO         1607    .ARM.Collect$$libinit$$00000011  c_w.l(libinit2.o)
    0x080002d0   0x080002d0   0x00000000   Code   RO         1609    .ARM.Collect$$libinit$$00000013  c_w.l(libinit2.o)
    0x080002d0   0x080002d0   0x0000000c   Code   RO         1610    .ARM.Collect$$libinit$$00000014  c_w.l(libinit2.o)
    0x080002dc   0x080002dc   0x00000000   Code   RO         1611    .ARM.Collect$$libinit$$00000015  c_w.l(libinit2.o)
    0x080002dc   0x080002dc   0x00000000   Code   RO         1613    .ARM.Collect$$libinit$$00000017  c_w.l(libinit2.o)
    0x080002dc   0x080002dc   0x0000000a   Code   RO         1614    .ARM.Collect$$libinit$$00000018  c_w.l(libinit2.o)
    0x080002e6   0x080002e6   0x00000000   Code   RO         1615    .ARM.Collect$$libinit$$00000019  c_w.l(libinit2.o)
    0x080002e6   0x080002e6   0x00000000   Code   RO         1617    .ARM.Collect$$libinit$$0000001B  c_w.l(libinit2.o)
    0x080002e6   0x080002e6   0x00000000   Code   RO         1619    .ARM.Collect$$libinit$$0000001D  c_w.l(libinit2.o)
    0x080002e6   0x080002e6   0x00000000   Code   RO         1621    .ARM.Collect$$libinit$$0000001F  c_w.l(libinit2.o)
    0x080002e6   0x080002e6   0x00000000   Code   RO         1623    .ARM.Collect$$libinit$$00000021  c_w.l(libinit2.o)
    0x080002e6   0x080002e6   0x00000000   Code   RO         1625    .ARM.Collect$$libinit$$00000023  c_w.l(libinit2.o)
    0x080002e6   0x080002e6   0x00000000   Code   RO         1627    .ARM.Collect$$libinit$$00000025  c_w.l(libinit2.o)
    0x080002e6   0x080002e6   0x00000000   Code   RO         1629    .ARM.Collect$$libinit$$00000027  c_w.l(libinit2.o)
    0x080002e6   0x080002e6   0x00000000   Code   RO         1633    .ARM.Collect$$libinit$$0000002E  c_w.l(libinit2.o)
    0x080002e6   0x080002e6   0x00000000   Code   RO         1635    .ARM.Collect$$libinit$$00000030  c_w.l(libinit2.o)
    0x080002e6   0x080002e6   0x00000000   Code   RO         1637    .ARM.Collect$$libinit$$00000032  c_w.l(libinit2.o)
    0x080002e6   0x080002e6   0x00000000   Code   RO         1639    .ARM.Collect$$libinit$$00000034  c_w.l(libinit2.o)
    0x080002e6   0x080002e6   0x00000002   Code   RO         1640    .ARM.Collect$$libinit$$00000035  c_w.l(libinit2.o)
    0x080002e8   0x080002e8   0x00000002   Code   RO         1677    .ARM.Collect$$libshutdown$$00000000  c_w.l(libshutdown.o)
    0x080002ea   0x080002ea   0x00000000   Code   RO         1705    .ARM.Collect$$libshutdown$$00000002  c_w.l(libshutdown2.o)
    0x080002ea   0x080002ea   0x00000000   Code   RO         1707    .ARM.Collect$$libshutdown$$00000004  c_w.l(libshutdown2.o)
    0x080002ea   0x080002ea   0x00000000   Code   RO         1710    .ARM.Collect$$libshutdown$$00000007  c_w.l(libshutdown2.o)
    0x080002ea   0x080002ea   0x00000000   Code   RO         1713    .ARM.Collect$$libshutdown$$0000000A  c_w.l(libshutdown2.o)
    0x080002ea   0x080002ea   0x00000000   Code   RO         1715    .ARM.Collect$$libshutdown$$0000000C  c_w.l(libshutdown2.o)
    0x080002ea   0x080002ea   0x00000000   Code   RO         1718    .ARM.Collect$$libshutdown$$0000000F  c_w.l(libshutdown2.o)
    0x080002ea   0x080002ea   0x00000002   Code   RO         1719    .ARM.Collect$$libshutdown$$00000010  c_w.l(libshutdown2.o)
    0x080002ec   0x080002ec   0x00000000   Code   RO         1361    .ARM.Collect$$rtentry$$00000000  c_w.l(__rtentry.o)
    0x080002ec   0x080002ec   0x00000000   Code   RO         1481    .ARM.Collect$$rtentry$$00000002  c_w.l(__rtentry2.o)
    0x080002ec   0x080002ec   0x00000006   Code   RO         1493    .ARM.Collect$$rtentry$$00000004  c_w.l(__rtentry4.o)
    0x080002f2   0x080002f2   0x00000000   Code   RO         1483    .ARM.Collect$$rtentry$$00000009  c_w.l(__rtentry2.o)
    0x080002f2   0x080002f2   0x00000004   Code   RO         1484    .ARM.Collect$$rtentry$$0000000A  c_w.l(__rtentry2.o)
    0x080002f6   0x080002f6   0x00000000   Code   RO         1486    .ARM.Collect$$rtentry$$0000000C  c_w.l(__rtentry2.o)
    0x080002f6   0x080002f6   0x00000008   Code   RO         1487    .ARM.Collect$$rtentry$$0000000D  c_w.l(__rtentry2.o)
    0x080002fe   0x080002fe   0x00000002   Code   RO         1579    .ARM.Collect$$rtexit$$00000000  c_w.l(rtexit.o)
    0x08000300   0x08000300   0x00000000   Code   RO         1646    .ARM.Collect$$rtexit$$00000002  c_w.l(rtexit2.o)
    0x08000300   0x08000300   0x00000004   Code   RO         1647    .ARM.Collect$$rtexit$$00000003  c_w.l(rtexit2.o)
    0x08000304   0x08000304   0x00000006   Code   RO         1648    .ARM.Collect$$rtexit$$00000004  c_w.l(rtexit2.o)
    0x0800030a   0x0800030a   0x00000002   PAD
    0x0800030c   0x0800030c   0x00000040   Code   RO            4    .text               startup_stm32f401xe.o
    0x0800034c   0x0800034c   0x000000f0   Code   RO         1331    .text               c_w.l(lludivv7m.o)
    0x0800043c   0x0800043c   0x0000002c   Code   RO         1333    .text               c_w.l(sprintf.o)
    0x08000468   0x08000468   0x00000048   Code   RO         1335    .text               c_w.l(strcpy.o)
    0x080004b0   0x080004b0   0x0000003e   Code   RO         1337    .text               c_w.l(strlen.o)
    0x080004ee   0x080004ee   0x00000018   Code   RO         1339    .text               c_w.l(strcat.o)
    0x08000506   0x08000506   0x0000004e   Code   RO         1341    .text               c_w.l(rt_memclr_w.o)
    0x08000554   0x08000554   0x00000006   Code   RO         1343    .text               c_w.l(heapauxi.o)
    0x0800055a   0x0800055a   0x0000004e   Code   RO         1368    .text               c_w.l(_printf_pad.o)
    0x080005a8   0x080005a8   0x00000024   Code   RO         1370    .text               c_w.l(_printf_truncate.o)
    0x080005cc   0x080005cc   0x00000052   Code   RO         1372    .text               c_w.l(_printf_str.o)
    0x0800061e   0x0800061e   0x00000002   PAD
    0x08000620   0x08000620   0x00000078   Code   RO         1374    .text               c_w.l(_printf_dec.o)
    0x08000698   0x08000698   0x00000028   Code   RO         1376    .text               c_w.l(_printf_charcount.o)
    0x080006c0   0x080006c0   0x00000030   Code   RO         1378    .text               c_w.l(_printf_char_common.o)
    0x080006f0   0x080006f0   0x0000000a   Code   RO         1380    .text               c_w.l(_sputc.o)
    0x080006fa   0x080006fa   0x00000002   PAD
    0x080006fc   0x080006fc   0x000000bc   Code   RO         1382    .text               c_w.l(_printf_wctomb.o)
    0x080007b8   0x080007b8   0x0000007c   Code   RO         1385    .text               c_w.l(_printf_longlong_dec.o)
    0x08000834   0x08000834   0x00000070   Code   RO         1391    .text               c_w.l(_printf_oct_int_ll.o)
    0x080008a4   0x080008a4   0x00000094   Code   RO         1411    .text               c_w.l(_printf_hex_int_ll_ptr.o)
    0x08000938   0x08000938   0x00000188   Code   RO         1431    .text               c_w.l(__printf_flags_ss_wp.o)
    0x08000ac0   0x08000ac0   0x0000008a   Code   RO         1497    .text               c_w.l(lludiv10.o)
    0x08000b4a   0x08000b4a   0x000000b2   Code   RO         1499    .text               c_w.l(_printf_intcommon.o)
    0x08000bfc   0x08000bfc   0x0000041c   Code   RO         1501    .text               c_w.l(_printf_fp_dec.o)
    0x08001018   0x08001018   0x000002fc   Code   RO         1505    .text               c_w.l(_printf_fp_hex.o)
    0x08001314   0x08001314   0x0000002c   Code   RO         1510    .text               c_w.l(_printf_char.o)
    0x08001340   0x08001340   0x0000002c   Code   RO         1512    .text               c_w.l(_printf_wchar.o)
    0x0800136c   0x0800136c   0x00000048   Code   RO         1515    .text               c_w.l(_c16rtomb.o)
    0x080013b4   0x080013b4   0x0000004a   Code   RO         1519    .text               c_w.l(sys_stackheap_outer.o)
    0x080013fe   0x080013fe   0x00000002   PAD
    0x08001400   0x08001400   0x00000010   Code   RO         1521    .text               c_w.l(rt_ctype_table.o)
    0x08001410   0x08001410   0x00000008   Code   RO         1526    .text               c_w.l(rt_locale_intlibspace.o)
    0x08001418   0x08001418   0x00000080   Code   RO         1528    .text               c_w.l(_printf_fp_infnan.o)
    0x08001498   0x08001498   0x000000e4   Code   RO         1530    .text               c_w.l(bigflt0.o)
    0x0800157c   0x0800157c   0x00000012   Code   RO         1560    .text               c_w.l(exit.o)
    0x0800158e   0x0800158e   0x00000002   PAD
    0x08001590   0x08001590   0x00000008   Code   RO         1576    .text               c_w.l(libspace.o)
    0x08001598   0x08001598   0x0000007c   Code   RO         1592    .text               c_w.l(strcmpv7em.o)
    0x08001614   0x08001614   0x0000000c   Code   RO         1641    .text               c_w.l(sys_exit.o)
    0x08001620   0x08001620   0x00000002   Code   RO         1666    .text               c_w.l(use_no_semi.o)
    0x08001622   0x08001622   0x00000000   Code   RO         1668    .text               c_w.l(indicate_semi.o)
    0x08001622   0x08001622   0x00000002   PAD
    0x08001624   0x08001624   0x00000004   Code   RO          167    .text.BusFault_Handler  stm32f4xx_it.o
    0x08001628   0x08001628   0x00000002   Code   RO          173    .text.DebugMon_Handler  stm32f4xx_it.o
    0x0800162a   0x0800162a   0x00000002   PAD
    0x0800162c   0x0800162c   0x00000044   Code   RO           13    .text.DelayInit     liquidcrystal_i2c.o
    0x08001670   0x08001670   0x00000050   Code   RO           19    .text.DelayUS       liquidcrystal_i2c.o
    0x080016c0   0x080016c0   0x00000006   Code   RO          127    .text.Error_Handler  main.o
    0x080016c6   0x080016c6   0x00000002   PAD
    0x080016c8   0x080016c8   0x0000003a   Code   RO           15    .text.ExpanderWrite  liquidcrystal_i2c.o
    0x08001702   0x08001702   0x00000002   PAD
    0x08001704   0x08001704   0x00000042   Code   RO          780    .text.HAL_Delay     stm32f4xx_hal.o
    0x08001746   0x08001746   0x00000002   PAD
    0x08001748   0x08001748   0x00000362   Code   RO          539    .text.HAL_GPIO_Init  stm32f4xx_hal_gpio.o
    0x08001aaa   0x08001aaa   0x00000002   PAD
    0x08001aac   0x08001aac   0x0000002e   Code   RO          543    .text.HAL_GPIO_ReadPin  stm32f4xx_hal_gpio.o
    0x08001ada   0x08001ada   0x00000002   PAD
    0x08001adc   0x08001adc   0x0000002e   Code   RO          545    .text.HAL_GPIO_WritePin  stm32f4xx_hal_gpio.o
    0x08001b0a   0x08001b0a   0x00000002   PAD
    0x08001b0c   0x08001b0c   0x0000000c   Code   RO          772    .text.HAL_GetTick   stm32f4xx_hal.o
    0x08001b18   0x08001b18   0x000002a4   Code   RO          209    .text.HAL_I2C_Init  stm32f4xx_hal_i2c.o
    0x08001dbc   0x08001dbc   0x0000028e   Code   RO          275    .text.HAL_I2C_IsDeviceReady  stm32f4xx_hal_i2c.o
    0x0800204a   0x0800204a   0x00000002   PAD
    0x0800204c   0x0800204c   0x0000020c   Code   RO          217    .text.HAL_I2C_Master_Transmit  stm32f4xx_hal_i2c.o
    0x08002258   0x08002258   0x00000448   Code   RO          263    .text.HAL_I2C_Mem_Read  stm32f4xx_hal_i2c.o
    0x080026a0   0x080026a0   0x00000214   Code   RO          259    .text.HAL_I2C_Mem_Write  stm32f4xx_hal_i2c.o
    0x080028b4   0x080028b4   0x0000015e   Code   RO          190    .text.HAL_I2C_MspInit  stm32f4xx_hal_msp.o
    0x08002a12   0x08002a12   0x00000002   PAD
    0x08002a14   0x08002a14   0x0000001a   Code   RO          770    .text.HAL_IncTick   stm32f4xx_hal.o
    0x08002a2e   0x08002a2e   0x00000002   PAD
    0x08002a30   0x08002a30   0x0000003c   Code   RO          760    .text.HAL_Init      stm32f4xx_hal.o
    0x08002a6c   0x08002a6c   0x00000070   Code   RO          762    .text.HAL_InitTick  stm32f4xx_hal.o
    0x08002adc   0x08002adc   0x0000004a   Code   RO          188    .text.HAL_MspInit   stm32f4xx_hal_msp.o
    0x08002b26   0x08002b26   0x00000002   PAD
    0x08002b28   0x08002b28   0x00000014   Code   RO          695    .text.HAL_NVIC_EnableIRQ  stm32f4xx_hal_cortex.o
    0x08002b3c   0x08002b3c   0x00000032   Code   RO          687    .text.HAL_NVIC_SetPriority  stm32f4xx_hal_cortex.o
    0x08002b6e   0x08002b6e   0x00000002   PAD
    0x08002b70   0x08002b70   0x00000010   Code   RO          683    .text.HAL_NVIC_SetPriorityGrouping  stm32f4xx_hal_cortex.o
    0x08002b80   0x08002b80   0x00000262   Code   RO          395    .text.HAL_RCC_ClockConfig  stm32f4xx_hal_rcc.o
    0x08002de2   0x08002de2   0x00000002   PAD
    0x08002de4   0x08002de4   0x0000000c   Code   RO          405    .text.HAL_RCC_GetHCLKFreq  stm32f4xx_hal_rcc.o
    0x08002df0   0x08002df0   0x00000022   Code   RO          407    .text.HAL_RCC_GetPCLK1Freq  stm32f4xx_hal_rcc.o
    0x08002e12   0x08002e12   0x00000002   PAD
    0x08002e14   0x08002e14   0x00000022   Code   RO          409    .text.HAL_RCC_GetPCLK2Freq  stm32f4xx_hal_rcc.o
    0x08002e36   0x08002e36   0x00000002   PAD
    0x08002e38   0x08002e38   0x000000e6   Code   RO          397    .text.HAL_RCC_GetSysClockFreq  stm32f4xx_hal_rcc.o
    0x08002f1e   0x08002f1e   0x00000002   PAD
    0x08002f20   0x08002f20   0x000006be   Code   RO          393    .text.HAL_RCC_OscConfig  stm32f4xx_hal_rcc.o
    0x080035de   0x080035de   0x00000002   PAD
    0x080035e0   0x080035e0   0x00000010   Code   RO          707    .text.HAL_SYSTICK_Config  stm32f4xx_hal_cortex.o
    0x080035f0   0x080035f0   0x00000008   Code   RO         1172    .text.HAL_TIMEx_BreakCallback  stm32f4xx_hal_tim_ex.o
    0x080035f8   0x080035f8   0x00000008   Code   RO         1168    .text.HAL_TIMEx_CommutCallback  stm32f4xx_hal_tim_ex.o
    0x08003600   0x08003600   0x0000009c   Code   RO          849    .text.HAL_TIM_Base_Init  stm32f4xx_hal_tim.o
    0x0800369c   0x0800369c   0x00000052   Code   RO          194    .text.HAL_TIM_Base_MspInit  stm32f4xx_hal_msp.o
    0x080036ee   0x080036ee   0x00000002   PAD
    0x080036f0   0x080036f0   0x000000d2   Code   RO          863    .text.HAL_TIM_Base_Start_IT  stm32f4xx_hal_tim.o
    0x080037c2   0x080037c2   0x00000002   PAD
    0x080037c4   0x080037c4   0x00000008   Code   RO          985    .text.HAL_TIM_IC_CaptureCallback  stm32f4xx_hal_tim.o
    0x080037cc   0x080037cc   0x0000021a   Code   RO          983    .text.HAL_TIM_IRQHandler  stm32f4xx_hal_tim.o
    0x080039e6   0x080039e6   0x00000002   PAD
    0x080039e8   0x080039e8   0x00000008   Code   RO          987    .text.HAL_TIM_OC_DelayElapsedCallback  stm32f4xx_hal_tim.o
    0x080039f0   0x080039f0   0x00000008   Code   RO          989    .text.HAL_TIM_PWM_PulseFinishedCallback  stm32f4xx_hal_tim.o
    0x080039f8   0x080039f8   0x0000011e   Code   RO          111    .text.HAL_TIM_PeriodElapsedCallback  main.o
    0x08003b16   0x08003b16   0x00000002   PAD
    0x08003b18   0x08003b18   0x00000008   Code   RO          993    .text.HAL_TIM_TriggerCallback  stm32f4xx_hal_tim.o
    0x08003b20   0x08003b20   0x0000009e   Code   RO         1185    .text.HAL_UART_Init  stm32f4xx_hal_uart.o
    0x08003bbe   0x08003bbe   0x00000002   PAD
    0x08003bc0   0x08003bc0   0x0000008c   Code   RO          198    .text.HAL_UART_MspInit  stm32f4xx_hal_msp.o
    0x08003c4c   0x08003c4c   0x00000130   Code   RO         1201    .text.HAL_UART_Transmit  stm32f4xx_hal_uart.o
    0x08003d7c   0x08003d7c   0x00000012   Code   RO           25    .text.HD44780_Clear  liquidcrystal_i2c.o
    0x08003d8e   0x08003d8e   0x00000002   PAD
    0x08003d90   0x08003d90   0x0000004c   Code   RO           23    .text.HD44780_CreateSpecialChar  liquidcrystal_i2c.o
    0x08003ddc   0x08003ddc   0x0000001e   Code   RO           33    .text.HD44780_Display  liquidcrystal_i2c.o
    0x08003dfa   0x08003dfa   0x00000002   PAD
    0x08003dfc   0x08003dfc   0x00000012   Code   RO           27    .text.HD44780_Home  liquidcrystal_i2c.o
    0x08003e0e   0x08003e0e   0x00000002   PAD
    0x08003e10   0x08003e10   0x00000116   Code   RO           11    .text.HD44780_Init  liquidcrystal_i2c.o
    0x08003f26   0x08003f26   0x00000002   PAD
    0x08003f28   0x08003f28   0x00000022   Code   RO           61    .text.HD44780_PrintStr  liquidcrystal_i2c.o
    0x08003f4a   0x08003f4a   0x00000002   PAD
    0x08003f4c   0x08003f4c   0x00000060   Code   RO           29    .text.HD44780_SetCursor  liquidcrystal_i2c.o
    0x08003fac   0x08003fac   0x00000004   Code   RO          163    .text.HardFault_Handler  stm32f4xx_it.o
    0x08003fb0   0x08003fb0   0x00000064   Code   RO          371    .text.I2C_IsAcknowledgeFailed  stm32f4xx_hal_i2c.o
    0x08004014   0x08004014   0x00000112   Code   RO          221    .text.I2C_MasterRequestWrite  stm32f4xx_hal_i2c.o
    0x08004126   0x08004126   0x00000002   PAD
    0x08004128   0x08004128   0x000001e2   Code   RO          265    .text.I2C_RequestMemoryRead  stm32f4xx_hal_i2c.o
    0x0800430a   0x0800430a   0x00000002   PAD
    0x0800430c   0x0800430c   0x0000013a   Code   RO          261    .text.I2C_RequestMemoryWrite  stm32f4xx_hal_i2c.o
    0x08004446   0x08004446   0x00000002   PAD
    0x08004448   0x08004448   0x000000ac   Code   RO          225    .text.I2C_WaitOnBTFFlagUntilTimeout  stm32f4xx_hal_i2c.o
    0x080044f4   0x080044f4   0x00000108   Code   RO          219    .text.I2C_WaitOnFlagUntilTimeout  stm32f4xx_hal_i2c.o
    0x080045fc   0x080045fc   0x00000154   Code   RO          369    .text.I2C_WaitOnMasterAddressFlagUntilTimeout  stm32f4xx_hal_i2c.o
    0x08004750   0x08004750   0x000000dc   Code   RO          231    .text.I2C_WaitOnRXNEFlagUntilTimeout  stm32f4xx_hal_i2c.o
    0x0800482c   0x0800482c   0x000000a8   Code   RO          223    .text.I2C_WaitOnTXEFlagUntilTimeout  stm32f4xx_hal_i2c.o
    0x080048d4   0x080048d4   0x000000e6   Code   RO          117    .text.MX_GPIO_Init  main.o
    0x080049ba   0x080049ba   0x00000002   PAD
    0x080049bc   0x080049bc   0x00000048   Code   RO          121    .text.MX_I2C1_Init  main.o
    0x08004a04   0x08004a04   0x00000048   Code   RO          123    .text.MX_I2C3_Init  main.o
    0x08004a4c   0x08004a4c   0x00000038   Code   RO          125    .text.MX_TIM11_Init  main.o
    0x08004a84   0x08004a84   0x00000040   Code   RO          119    .text.MX_USART2_UART_Init  main.o
    0x08004ac4   0x08004ac4   0x00000004   Code   RO          165    .text.MemManage_Handler  stm32f4xx_it.o
    0x08004ac8   0x08004ac8   0x00000004   Code   RO          161    .text.NMI_Handler   stm32f4xx_it.o
    0x08004acc   0x08004acc   0x0000006c   Code   RO          693    .text.NVIC_EncodePriority  stm32f4xx_hal_cortex.o
    0x08004b38   0x08004b38   0x00000002   Code   RO          175    .text.PendSV_Handler  stm32f4xx_it.o
    0x08004b3a   0x08004b3a   0x00000002   PAD
    0x08004b3c   0x08004b3c   0x00000032   Code   RO           71    .text.PulseEnable   liquidcrystal_i2c.o
    0x08004b6e   0x08004b6e   0x00000002   PAD
    0x08004b70   0x08004b70   0x00000002   Code   RO          171    .text.SVC_Handler   stm32f4xx_it.o
    0x08004b72   0x08004b72   0x00000002   PAD
    0x08004b74   0x08004b74   0x00000042   Code   RO           69    .text.Send          liquidcrystal_i2c.o
    0x08004bb6   0x08004bb6   0x00000002   PAD
    0x08004bb8   0x08004bb8   0x00000016   Code   RO           55    .text.SendChar      liquidcrystal_i2c.o
    0x08004bce   0x08004bce   0x00000002   PAD
    0x08004bd0   0x08004bd0   0x00000016   Code   RO           21    .text.SendCommand   liquidcrystal_i2c.o
    0x08004be6   0x08004be6   0x00000002   PAD
    0x08004be8   0x08004be8   0x00000052   Code   RO          709    .text.SysTick_Config  stm32f4xx_hal_cortex.o
    0x08004c3a   0x08004c3a   0x00000002   PAD
    0x08004c3c   0x08004c3c   0x00000008   Code   RO          177    .text.SysTick_Handler  stm32f4xx_it.o
    0x08004c44   0x08004c44   0x000000b8   Code   RO          115    .text.SystemClock_Config  main.o
    0x08004cfc   0x08004cfc   0x00000012   Code   RO         1316    .text.SystemInit    system_stm32f4xx.o
    0x08004d0e   0x08004d0e   0x00000002   PAD
    0x08004d10   0x08004d10   0x00000010   Code   RO          179    .text.TIM1_TRG_COM_TIM11_IRQHandler  stm32f4xx_it.o
    0x08004d20   0x08004d20   0x00000144   Code   RO          853    .text.TIM_Base_SetConfig  stm32f4xx_hal_tim.o
    0x08004e64   0x08004e64   0x00000094   Code   RO         1233    .text.UART_EndRxTransfer  stm32f4xx_hal_uart.o
    0x08004ef8   0x08004ef8   0x0000013a   Code   RO         1189    .text.UART_SetConfig  stm32f4xx_hal_uart.o
    0x08005032   0x08005032   0x00000002   PAD
    0x08005034   0x08005034   0x000000da   Code   RO         1203    .text.UART_WaitOnFlagUntilTimeout  stm32f4xx_hal_uart.o
    0x0800510e   0x0800510e   0x00000002   PAD
    0x08005110   0x08005110   0x00000004   Code   RO          169    .text.UsageFault_Handler  stm32f4xx_it.o
    0x08005114   0x08005114   0x0000001c   Code   RO           17    .text.Write4Bits    liquidcrystal_i2c.o
    0x08005130   0x08005130   0x00000030   Code   RO          697    .text.__NVIC_EnableIRQ  stm32f4xx_hal_cortex.o
    0x08005160   0x08005160   0x00000010   Code   RO          689    .text.__NVIC_GetPriorityGrouping  stm32f4xx_hal_cortex.o
    0x08005170   0x08005170   0x00000042   Code   RO          691    .text.__NVIC_SetPriority  stm32f4xx_hal_cortex.o
    0x080051b2   0x080051b2   0x00000002   PAD
    0x080051b4   0x080051b4   0x0000003c   Code   RO          685    .text.__NVIC_SetPriorityGrouping  stm32f4xx_hal_cortex.o
    0x080051f0   0x080051f0   0x00000062   Code   RO          102    .text.check_if_conversion_ready  ina226.o
    0x08005252   0x08005252   0x00000006   PAD
    0x08005258   0x08005258   0x00000080   Code   RO           98    .text.ina226_current_via_reg  ina226.o
    0x080052d8   0x080052d8   0x000000ae   Code   RO           88    .text.ina226_init   ina226.o
    0x08005386   0x08005386   0x00000002   PAD
    0x08005388   0x08005388   0x00000058   Code   RO           90    .text.ina226_set_cal_reg  ina226.o
    0x080053e0   0x080053e0   0x00000482   Code   RO          113    .text.main          main.o
    0x08005862   0x08005862   0x0000003e   Code   RO         1533    CL$$btod_d2e        c_w.l(btod.o)
    0x080058a0   0x080058a0   0x00000046   Code   RO         1535    CL$$btod_d2e_denorm_low  c_w.l(btod.o)
    0x080058e6   0x080058e6   0x00000060   Code   RO         1534    CL$$btod_d2e_norm_op1  c_w.l(btod.o)
    0x08005946   0x08005946   0x00000002   PAD
    0x08005948   0x08005948   0x00000338   Code   RO         1543    CL$$btod_div_common  c_w.l(btod.o)
    0x08005c80   0x08005c80   0x000000dc   Code   RO         1540    CL$$btod_e2e        c_w.l(btod.o)
    0x08005d5c   0x08005d5c   0x0000002a   Code   RO         1537    CL$$btod_ediv       c_w.l(btod.o)
    0x08005d86   0x08005d86   0x0000002a   Code   RO         1536    CL$$btod_emul       c_w.l(btod.o)
    0x08005db0   0x08005db0   0x00000244   Code   RO         1542    CL$$btod_mult_common  c_w.l(btod.o)
    0x08005ff4   0x08005ff4   0x00000030   Code   RO         1574    i.__ARM_fpclassify  m_wm.l(fpclassify.o)
    0x08006024   0x08006024   0x0000000e   Code   RO         1424    i._is_digit         c_w.l(__printf_wp.o)
    0x08006032   0x08006032   0x00000002   PAD
    0x08006034   0x08006034   0x0000002c   Code   RO         1558    locale$$code        c_w.l(lc_numeric_c.o)
    0x08006060   0x08006060   0x0000002c   Code   RO         1586    locale$$code        c_w.l(lc_ctype_c.o)
    0x0800608c   0x0800608c   0x00000062   Code   RO         1347    x$fpl$d2f           fz_wm.l(d2f.o)
    0x080060ee   0x080060ee   0x00000018   Code   RO         1517    x$fpl$dcmpinf       fz_wm.l(dcmpi.o)
    0x08006106   0x08006106   0x00000002   PAD
    0x08006108   0x08006108   0x00000078   Code   RO         1457    x$fpl$deqf          fz_wm.l(deqf.o)
    0x08006180   0x08006180   0x0000002e   Code   RO         1352    x$fpl$dflt          fz_wm.l(dflt_clz.o)
    0x080061ae   0x080061ae   0x00000002   PAD
    0x080061b0   0x080061b0   0x00000078   Code   RO         1459    x$fpl$dgeqf         fz_wm.l(dgeqf.o)
    0x08006228   0x08006228   0x00000078   Code   RO         1461    x$fpl$dleqf         fz_wm.l(dleqf.o)
    0x080062a0   0x080062a0   0x00000154   Code   RO         1357    x$fpl$dmul          fz_wm.l(dmul.o)
    0x080063f4   0x080063f4   0x0000009c   Code   RO         1463    x$fpl$dnaninf       fz_wm.l(dnaninf.o)
    0x08006490   0x08006490   0x0000000c   Code   RO         1465    x$fpl$dretinf       fz_wm.l(dretinf.o)
    0x0800649c   0x0800649c   0x00000056   Code   RO         1359    x$fpl$f2d           fz_wm.l(f2d.o)
    0x080064f2   0x080064f2   0x00000054   Code   RO         1349    x$fpl$fcmp          fz_wm.l(dcmp.o)
    0x08006546   0x08006546   0x0000008c   Code   RO         1467    x$fpl$fnaninf       fz_wm.l(fnaninf.o)
    0x080065d2   0x080065d2   0x0000001a   Code   RO         1660    x$fpl$fpinit        fz_wm.l(fpinit.o)
    0x080065ec   0x080065ec   0x0000000a   Code   RO         1469    x$fpl$fretinf       fz_wm.l(fretinf.o)
    0x080065f6   0x080065f6   0x00000004   Code   RO         1471    x$fpl$printf1       fz_wm.l(printf1.o)
    0x080065fa   0x080065fa   0x00000004   Code   RO         1473    x$fpl$printf2       fz_wm.l(printf2.o)
    0x080065fe   0x080065fe   0x00000000   Code   RO         1479    x$fpl$usenofp       fz_wm.l(usenofp.o)
    0x080065fe   0x080065fe   0x00000002   PAD
    0x08006600   0x08006600   0x00000008   Data   RO         1383    .constdata          c_w.l(_printf_wctomb.o)
    0x08006608   0x08006608   0x00000028   Data   RO         1412    .constdata          c_w.l(_printf_hex_int_ll_ptr.o)
    0x08006630   0x08006630   0x00000011   Data   RO         1432    .constdata          c_w.l(__printf_flags_ss_wp.o)
    0x08006641   0x08006641   0x00000026   Data   RO         1506    .constdata          c_w.l(_printf_fp_hex.o)
    0x08006667   0x08006667   0x00000001   PAD
    0x08006668   0x08006668   0x00000094   Data   RO         1531    .constdata          c_w.l(bigflt0.o)
    0x080066fc   0x080066fc   0x00000010   Data   RO         1321    .rodata.AHBPrescTable  system_stm32f4xx.o
    0x0800670c   0x0800670c   0x00000008   Data   RO         1322    .rodata.APBPrescTable  system_stm32f4xx.o
    0x08006714   0x08006714   0x00000041   Data   RO          145    .rodata.str1.1      main.o
    0x08006755   0x08006755   0x00000003   PAD
    0x08006758   0x08006758   0x00000020   Data   RO         1721    Region$$Table       anon$$obj.o
    0x08006778   0x08006778   0x0000001c   Data   RO         1557    locale$$data        c_w.l(lc_numeric_c.o)
    0x08006794   0x08006794   0x00000110   Data   RO         1585    locale$$data        c_w.l(lc_ctype_c.o)


    Execution Region RW_IRAM1 (Exec base: 0x20000000, Load base: 0x080068a8, Size: 0x00000858, Max: 0x00018000, ABSOLUTE)

    Exec Addr    Load Addr    Size         Type   Attr      Idx    E Section Name        Object

    0x20000000   0x080068a8   0x00000004   Data   RW         1320    .data.SystemCoreClock  system_stm32f4xx.o
    0x20000004   0x080068ac   0x00000004   Data   RW          130    .data.current2      main.o
    0x20000008   0x080068b0   0x00000001   Data   RW          140    .data.current2_ON   main.o
    0x20000009   0x080068b1   0x00000003   PAD
    0x2000000c   0x080068b4   0x00000004   Data   RW          131    .data.current3      main.o
    0x20000010   0x080068b8   0x0000000d   Data   RW          133    .data.header        main.o
    0x2000001d   0x080068c5   0x00000008   Data   RW           73    .data.special1      liquidcrystal_i2c.o
    0x20000025   0x080068cd   0x00000008   Data   RW           74    .data.special2      liquidcrystal_i2c.o
    0x2000002d   0x080068d5   0x00000001   Data   RW          815    .data.uwTickFreq    stm32f4xx_hal.o
    0x2000002e   0x080068d6   0x00000002   PAD
    0x20000030   0x080068d8   0x00000004   Data   RW          814    .data.uwTickPrio    stm32f4xx_hal.o
    0x20000034   0x080068dc   0x00000004   PAD
    0x20000038        -       0x00000060   Zero   RW         1577    .bss                c_w.l(libspace.o)
    0x20000098        -       0x00000010   Zero   RW          148    .bss.Display        main.o
    0x200000a8        -       0x00000032   Zero   RW          144    .bss.HUART_MESSAGE  main.o
    0x200000da   0x080068dc   0x00000002   PAD
    0x200000dc        -       0x00000004   Zero   RW          146    .bss.HUART_MESSAGE_LENGTH  main.o
    0x200000e0        -       0x00000001   Zero   RW          135    .bss.activate_display1  main.o
    0x200000e1        -       0x00000001   Zero   RW          136    .bss.activate_display2  main.o
    0x200000e2        -       0x00000001   Zero   RW          134    .bss.activate_read  main.o
    0x200000e3   0x080068dc   0x00000001   PAD
    0x200000e4        -       0x00000004   Zero   RW          129    .bss.current        main.o
    0x200000e8        -       0x00000004   Zero   RW          132    .bss.current_AVG    main.o
    0x200000ec        -       0x00000004   Zero   RW          137    .bss.display_wait   main.o
    0x200000f0        -       0x00000001   Zero   RW           76    .bss.dpBacklight    liquidcrystal_i2c.o
    0x200000f1        -       0x00000001   Zero   RW           78    .bss.dpControl      liquidcrystal_i2c.o
    0x200000f2        -       0x00000001   Zero   RW           77    .bss.dpFunction     liquidcrystal_i2c.o
    0x200000f3        -       0x00000001   Zero   RW           79    .bss.dpMode         liquidcrystal_i2c.o
    0x200000f4        -       0x00000001   Zero   RW           75    .bss.dpRows         liquidcrystal_i2c.o
    0x200000f5   0x080068dc   0x00000003   PAD
    0x200000f8        -       0x00000054   Zero   RW          142    .bss.hi2c1          main.o
    0x2000014c        -       0x00000054   Zero   RW          151    .bss.hi2c3          main.o
    0x200001a0        -       0x00000048   Zero   RW          141    .bss.htim11         main.o
    0x200001e8        -       0x00000048   Zero   RW          147    .bss.huart2         main.o
    0x20000230        -       0x00000001   Zero   RW          138    .bss.one_push       main.o
    0x20000231   0x080068dc   0x00000003   PAD
    0x20000234        -       0x00000004   Zero   RW          139    .bss.push_count     main.o
    0x20000238        -       0x00000009   Zero   RW          149    .bss.reading        main.o
    0x20000241        -       0x00000002   Zero   RW          143    .bss.rx             main.o
    0x20000243   0x080068dc   0x00000001   PAD
    0x20000244        -       0x00000004   Zero   RW          816    .bss.uwTick         stm32f4xx_hal.o
    0x20000248        -       0x00000010   Zero   RW          150    .bss.variables      main.o
    0x20000258        -       0x00000200   Zero   RW            2    HEAP                startup_stm32f401xe.o
    0x20000458        -       0x00000400   Zero   RW            1    STACK               startup_stm32f401xe.o


==============================================================================

Image component sizes


      Code (inc. data)   RO Data    RW Data    ZI Data      Debug   Object Name

       488          8          0          0          0       5559   ina226.o
       944          0          0         16          5       5683   liquidcrystal_i2c.o
      2124         12         65         22        429      11122   main.o
        64         26        404          0       1536        880   startup_stm32f401xe.o
       276          0          0          5          4       6728   stm32f4xx_hal.o
       482          0          0          0          0       9265   stm32f4xx_hal_cortex.o
       958          0          0          0          0       5145   stm32f4xx_hal_gpio.o
      5816          0          0          0          0      37750   stm32f4xx_hal_i2c.o
       646          0          0          0          0      10020   stm32f4xx_hal_msp.o
      2646          0          0          0          0       7705   stm32f4xx_hal_rcc.o
      1260          0          0          0          0      35884   stm32f4xx_hal_tim.o
        16          0          0          0          0      15373   stm32f4xx_hal_tim_ex.o
      1142          0          0          0          0      20478   stm32f4xx_hal_uart.o
        50          0          0          0          0       1150   stm32f4xx_it.o
        18          0         24          4          0       2618   system_stm32f4xx.o

    ----------------------------------------------------------------------
     17022         46        528         52       1988     175360   Object Totals
         0          0         32          0          0          0   (incl. Generated)
        92          0          3          5         14          0   (incl. Padding)

    ----------------------------------------------------------------------

      Code (inc. data)   RO Data    RW Data    ZI Data      Debug   Library Member Name

         8          0          0          0          0         68   __main.o
       392          4         17          0          0         92   __printf_flags_ss_wp.o
        14          0          0          0          0         68   __printf_wp.o
         0          0          0          0          0          0   __rtentry.o
        12          0          0          0          0          0   __rtentry2.o
         6          0          0          0          0          0   __rtentry4.o
        94          8          0          0          0          0   __scatter.o
        26          0          0          0          0          0   __scatter_copy.o
        28          0          0          0          0          0   __scatter_zi.o
        72          0          0          0          0         96   _c16rtomb.o
         6          0          0          0          0          0   _printf_a.o
         6          0          0          0          0          0   _printf_c.o
        44          0          0          0          0        108   _printf_char.o
        48          6          0          0          0         96   _printf_char_common.o
        40          0          0          0          0         68   _printf_charcount.o
         6          0          0          0          0          0   _printf_d.o
       120         16          0          0          0         92   _printf_dec.o
         6          0          0          0          0          0   _printf_e.o
         6          0          0          0          0          0   _printf_f.o
      1052          0          0          0          0        148   _printf_fp_dec.o
       764          8         38          0          0        100   _printf_fp_hex.o
       128         16          0          0          0         84   _printf_fp_infnan.o
         6          0          0          0          0          0   _printf_g.o
       148          4         40          0          0        160   _printf_hex_int_ll_ptr.o
         6          0          0          0          0          0   _printf_i.o
       178          0          0          0          0         88   _printf_intcommon.o
        10          0          0          0          0          0   _printf_l.o
         6          0          0          0          0          0   _printf_lc.o
        10          0          0          0          0          0   _printf_ll.o
         6          0          0          0          0          0   _printf_lld.o
         6          0          0          0          0          0   _printf_lli.o
         6          0          0          0          0          0   _printf_llo.o
         6          0          0          0          0          0   _printf_llu.o
         6          0          0          0          0          0   _printf_llx.o
       124         16          0          0          0         92   _printf_longlong_dec.o
         6          0          0          0          0          0   _printf_ls.o
         6          0          0          0          0          0   _printf_n.o
         6          0          0          0          0          0   _printf_o.o
       112          8          0          0          0        124   _printf_oct_int_ll.o
         6          0          0          0          0          0   _printf_p.o
        78          0          0          0          0        108   _printf_pad.o
         0          0          0          0          0          0   _printf_percent.o
         4          0          0          0          0          0   _printf_percent_end.o
         6          0          0          0          0          0   _printf_s.o
        82          0          0          0          0         80   _printf_str.o
        36          0          0          0          0         84   _printf_truncate.o
         6          0          0          0          0          0   _printf_u.o
        44          0          0          0          0        108   _printf_wchar.o
       188          6          8          0          0         92   _printf_wctomb.o
         6          0          0          0          0          0   _printf_x.o
        10          0          0          0          0         68   _sputc.o
       228          4        148          0          0         96   bigflt0.o
      1936        128          0          0          0        668   btod.o
        18          0          0          0          0         80   exit.o
         6          0          0          0          0        152   heapauxi.o
         0          0          0          0          0          0   indicate_semi.o
        44         10        272          0          0         76   lc_ctype_c.o
        44         10         28          0          0         76   lc_numeric_c.o
         2          0          0          0          0          0   libinit.o
        34          0          0          0          0          0   libinit2.o
         2          0          0          0          0          0   libshutdown.o
         2          0          0          0          0          0   libshutdown2.o
         8          4          0          0         96         68   libspace.o
       138          0          0          0          0         80   lludiv10.o
       240          0          0          0          0        100   lludivv7m.o
        16          4          0          0          0         76   rt_ctype_table.o
         8          4          0          0          0         68   rt_locale_intlibspace.o
        78          0          0          0          0         80   rt_memclr_w.o
         2          0          0          0          0          0   rtexit.o
        10          0          0          0          0          0   rtexit2.o
        44          6          0          0          0         84   sprintf.o
        24          0          0          0          0         68   strcat.o
       124          0          0          0          0         88   strcmpv7em.o
        72          0          0          0          0         80   strcpy.o
        62          0          0          0          0         76   strlen.o
        12          4          0          0          0         68   sys_exit.o
        74          0          0          0          0         80   sys_stackheap_outer.o
         2          0          0          0          0         68   use_no_semi.o
        98          4          0          0          0        140   d2f.o
        84          0          0          0          0        244   dcmp.o
        24          0          0          0          0        116   dcmpi.o
       120          4          0          0          0        140   deqf.o
        46          0          0          0          0        116   dflt_clz.o
       120          4          0          0          0        140   dgeqf.o
       120          4          0          0          0        140   dleqf.o
       340         12          0          0          0        152   dmul.o
       156          4          0          0          0        140   dnaninf.o
        12          0          0          0          0        116   dretinf.o
        86          4          0          0          0        132   f2d.o
       140          4          0          0          0        132   fnaninf.o
        26          0          0          0          0        116   fpinit.o
        10          0          0          0          0        116   fretinf.o
         4          0          0          0          0        116   printf1.o
         4          0          0          0          0        116   printf2.o
         0          0          0          0          0          0   usenofp.o
        48          0          0          0          0        124   fpclassify.o

    ----------------------------------------------------------------------
      8686        306        552          0         96       6552   Library Totals
        26          0          1          0          0          0   (incl. Padding)

    ----------------------------------------------------------------------

      Code (inc. data)   RO Data    RW Data    ZI Data      Debug   Library Name

      7222        266        551          0         96       4256   c_w.l
      1390         40          0          0          0       2172   fz_wm.l
        48          0          0          0          0        124   m_wm.l

    ----------------------------------------------------------------------
      8686        306        552          0         96       6552   Library Totals

    ----------------------------------------------------------------------

==============================================================================


      Code (inc. data)   RO Data    RW Data    ZI Data      Debug   

     25708        352       1080         52       2084     177932   Grand Totals
     25708        352       1080         52       2084     177932   ELF Image Totals
     25708        352       1080         52          0          0   ROM Totals

==============================================================================

    Total RO  Size (Code + RO Data)                26788 (  26.16kB)
    Total RW  Size (RW Data + ZI Data)              2136 (   2.09kB)
    Total ROM Size (Code + RO Data + RW Data)      26840 (  26.21kB)

==============================================================================

